Microchip MPLAB XC8 Compiler V2.41

Linker command line:

-W-3 \
  --edf=C:/Program Files/Microchip/MPLABX/v6.10/packs/Microchip/PIC18Fxxxx_DFP/1.4.151/xc8\pic\dat\20230323171731_en.msgs \
  -cn -h+dist/default/production\project.X.production.sym \
  --cmf=dist/default/production\project.X.production.cmf -z -Q18F4620 \
  -oC:\Users\ACC\AppData\Local\Temp\xcAslkc.\driver_tmp_3.o \
  --defsym=__MPLAB_BUILD=1 --fixupoverflow=error \
  -Mdist/default/production/project.X.production.map \
  --md=C:\Users\ACC\AppData\Local\Temp\xcAslkc.\driver_tmp_0.dat -E1 \
  -ver=XC8 Compiler --acfsm=1493 -ACODE=00h-0FFFFh -ACONST=00h-0FFFFh \
  -ASMALLCONST=01000h-010FFhx240 -AMEDIUMCONST=01000h-0FFFFh \
  -ACOMRAM=01h-07Fh -AABS1=00h-0F7Fh -ABIGRAM=01h-0F7Fh \
  -ARAM=080h-0FFh,0100h-01FFhx14,0F00h-0F7Fh -ABANK0=080h-0FFh \
  -ABANK1=0100h-01FFh -ABANK2=0200h-02FFh -ABANK3=0300h-03FFh \
  -ABANK4=0400h-04FFh -ABANK5=0500h-05FFh -ABANK6=0600h-06FFh \
  -ABANK7=0700h-07FFh -ABANK8=0800h-08FFh -ABANK9=0900h-09FFh \
  -ABANK10=0A00h-0AFFh -ABANK11=0B00h-0BFFh -ABANK12=0C00h-0CFFh \
  -ABANK13=0D00h-0DFFh -ABANK14=0E00h-0EFFh -ABANK15=0F00h-0F7Fh \
  -ASFR=0F80h-0FFFh -ABIGSFR=0F80h-0FFFh -ACONFIG=0300000h-030000Dh \
  -AIDLOC=0200000h-0200007h -AEEDATA=0F00000h-0F003FFh -peeprom_data=EEDATA \
  -preset_vec=00h,intcode=08h,intcodelo,powerup,init -pramtop=01000h \
  -psmallconst=SMALLCONST -pmediumconst=MEDIUMCONST -pconst=CONST \
  -AFARRAM=00h-00h \
  -prdata=COMRAM,nvrram=COMRAM,nvbit=COMRAM,rbss=COMRAM,rbit=COMRAM \
  -pfarbss=FARRAM,fardata=FARRAM,nvFARRAM=FARRAM \
  -pintsave_regs=BIGRAM,bigbss=BIGRAM,bigdata=BIGRAM -pbss=RAM \
  -pidata=CODE,irdata=CODE,ibigdata=CODE,ifardata=CODE -prparam=COMRAM \
  C:\Users\ACC\AppData\Local\Temp\xcAslkc.\driver_tmp_14.o \
  dist/default/production\project.X.production.o 

Object code version is 3.11

Machine type is 18F4620



                Name                               Link     Load   Length Selector   Space Scale
C:\Users\ACC\AppData\Local\Temp\xcAslkc.\driver_tmp_14.o
                config                           300000   300000        E        0       4
                init                                  E        E        4        4       0
                reset_vec                             0        0        4        0       0
dist/default/production\project.X.production.o
                intcode                               8        8        6        4       0
                config                           300000   300000        E        0       4
                temp                                 6D       6D        1        1       1
                mediumconst                        FDFA     FDFA      206     7EFD       0
                text91                             54EA     54EA        4     2A63       0
                text90                             54E6     54E6        4     2A63       0
                text89                             54E2     54E2        4     2A63       0
                text88                             44D0     44D0       86        4       0
                text87                             5358     5358       30     279A       0
                text86                             54DE     54DE        4     2A63       0
                text85                             54DA     54DA        4     2A63       0
                text84                             54D6     54D6        4     2A63       0
                text83                             54D2     54D2        4     2A63       0
                text82                             54CE     54CE        4     2A63       0
                text81                             3512     3512      12C        4       0
                text80                             5480     5480       16     2A35       0
                text79                             546A     546A       16     2A35       0
                text78                             4760     4760       82        4       0
                text77                             46DE     46DE       82        4       0
                text76                             465C     465C       82        4       0
                text75                             45DA     45DA       82        4       0
                text74                             54F0     54F0        2     2A63       0
                text73                             5208     5208       40     279A       0
                text72                             52BA     52BA       38     279A       0
                text71                             54A4     54A4        E     2A35       0
                text70                             54C6     54C6        8     2A63       0
                text69                             5496     5496        E     2A35       0
                intcode_body                       1C96     1C96      436        4       0
                text67                             412A     412A       B0        4       0
                text66                             3A52     3A52       DC        4       0
                text65                             5248     5248       3A     279A       0
                text64                             5428     5428       24     279A       0
                text63                             4BA2     4BA2       74        4       0
                text62                             5186     5186       42     279A       0
                text61                             50FC     50FC       46     279A       0
                text60                             52F2     52F2       34     279A       0
                text59                             5282     5282       38     279A       0
                text58                             5402     5402       26     279A       0
                text57                             47E2     47E2       80        4       0
                text56                             4556     4556       84        4       0
                text55                             4D62     4D62       6A        4       0
                text54                             4954     4954       78        4       0
                text53                             43AE     43AE       94        4       0
                text52                             20CC     20CC      42A        4       0
                text51                             4B2E     4B2E       74        4       0
                text50                             3852     3852      106        4       0
                text49                             3958     3958       FA        4       0
                text48                             3B2E     3B2E       D2        4       0
                text47                             374C     374C      106        4       0
                text46                             41DA     41DA       A4        4       0
                text45                             289C     289C      1B4        4       0
                text44                             24F6     24F6      3A6        4       0
                text43                             3048     3048      144        4       0
                text42                             4C88     4C88       6E        4       0
                text41                             363E     363E      10E        4       0
                text40                             53B4     53B4       28     279A       0
                text39                             33E6     33E6      12C        4       0
                text38                             4CF6     4CF6       6C        4       0
                text37                             5024     5024       4C     279A       0
                text36                             3FC2     3FC2       B8        4       0
                text35                             4C16     4C16       72        4       0
                text34                             4DCC     4DCC       62        4       0
                text33                             48DC     48DC       78        4       0
                text32                             4FD4     4FD4       50     279A       0
                text31                             4AB8     4AB8       76        4       0
                text30                             4A42     4A42       76        4       0
                text29                             318C     318C      12E        4       0
                text28                             5326     5326       32     279A       0
                text27                             54B2     54B2        A     2A35       0
                text26                             53DC     53DC       26     279A       0
                text25                             5388     5388       2C     279A       0
                text24                             50B6     50B6       46     279A       0
                text23                             2F04     2F04      144        4       0
                text22                             2D8E     2D8E      176        4       0
                text21                             3CCA     3CCA       C4        4       0
                text20                             407A     407A       B0        4       0
                text19                             51C8     51C8       40     279A       0
                text18                             54EE     54EE        2     2A63       0
                text17                             3C00     3C00       CA        4       0
                text16                             5142     5142       44     279A       0
                text15                             4862     4862       7A        4       0
                text14                             2BF8     2BF8      196        4       0
                text13                             32BA     32BA      12C        4       0
                text12                             4F84     4F84       50     279A       0
                text11                             4F34     4F34       50     279A       0
                text10                             4E88     4E88       5A        4       0
                text9                              3E50     3E50       BA        4       0
                text8                              3F0A     3F0A       B8        4       0
                text7                              2A50     2A50      1A8        4       0
                text6                              49CC     49CC       76        4       0
                text5                              3D8E     3D8E       C2        4       0
                text4                              5070     5070       46     279A       0
                text3                              427E     427E       9C        4       0
                text2                              4E2E     4E2E       5A        4       0
                text1                              431A     431A       94        4       0
                text0                                12       12     1C84        4       0
                cstackCOMRAM                          1        1       5B        1       1
                cstackBANK0                          F5       F5        8       80       1
                cstackBANK1                         1AB      1AB       12      100       1
                dataBANK1                           15A      15A       51      100       1
                bssBANK1                            100      100       5A      100       1
                dataBANK0                            D8       D8       1D       80       1
                bssBANK0                             80       80       58       80       1
                dataCOMRAM                           5C       5C        9        1       1
                bssCOMRAM                            65       65        8        1       1
                cinit                              4442     4442       8E        4       0
                nvBANK0                              FD       FD        3       80       1
                idataBANK1                         4EE2     4EE2       51        4       0
                idataBANK0                         544C     544C       1D     279A       0
                idataCOMRAM                        54BC     54BC        9     2A35       0

TOTAL           Name                               Link     Load   Length     Space
        CLASS   CODE           
                intcode                               8        8        6         0
                init                                  E        E        4         0
                reset_vec                             0        0        4         0
                text91                             54EA     54EA        4         0
                text90                             54E6     54E6        4         0
                text89                             54E2     54E2        4         0
                text88                             44D0     44D0       86         0
                text87                             5358     5358       30         0
                text86                             54DE     54DE        4         0
                text85                             54DA     54DA        4         0
                text84                             54D6     54D6        4         0
                text83                             54D2     54D2        4         0
                text82                             54CE     54CE        4         0
                text81                             3512     3512      12C         0
                text80                             5480     5480       16         0
                text79                             546A     546A       16         0
                text78                             4760     4760       82         0
                text77                             46DE     46DE       82         0
                text76                             465C     465C       82         0
                text75                             45DA     45DA       82         0
                text74                             54F0     54F0        2         0
                text73                             5208     5208       40         0
                text72                             52BA     52BA       38         0
                text71                             54A4     54A4        E         0
                text70                             54C6     54C6        8         0
                text69                             5496     5496        E         0
                intcode_body                       1C96     1C96      436         0
                text67                             412A     412A       B0         0
                text66                             3A52     3A52       DC         0
                text65                             5248     5248       3A         0
                text64                             5428     5428       24         0
                text63                             4BA2     4BA2       74         0
                text62                             5186     5186       42         0
                text61                             50FC     50FC       46         0
                text60                             52F2     52F2       34         0
                text59                             5282     5282       38         0
                text58                             5402     5402       26         0
                text57                             47E2     47E2       80         0
                text56                             4556     4556       84         0
                text55                             4D62     4D62       6A         0
                text54                             4954     4954       78         0
                text53                             43AE     43AE       94         0
                text52                             20CC     20CC      42A         0
                text51                             4B2E     4B2E       74         0
                text50                             3852     3852      106         0
                text49                             3958     3958       FA         0
                text48                             3B2E     3B2E       D2         0
                text47                             374C     374C      106         0
                text46                             41DA     41DA       A4         0
                text45                             289C     289C      1B4         0
                text44                             24F6     24F6      3A6         0
                text43                             3048     3048      144         0
                text42                             4C88     4C88       6E         0
                text41                             363E     363E      10E         0
                text40                             53B4     53B4       28         0
                text39                             33E6     33E6      12C         0
                text38                             4CF6     4CF6       6C         0
                text37                             5024     5024       4C         0
                text36                             3FC2     3FC2       B8         0
                text35                             4C16     4C16       72         0
                text34                             4DCC     4DCC       62         0
                text33                             48DC     48DC       78         0
                text32                             4FD4     4FD4       50         0
                text31                             4AB8     4AB8       76         0
                text30                             4A42     4A42       76         0
                text29                             318C     318C      12E         0
                text28                             5326     5326       32         0
                text27                             54B2     54B2        A         0
                text26                             53DC     53DC       26         0
                text25                             5388     5388       2C         0
                text24                             50B6     50B6       46         0
                text23                             2F04     2F04      144         0
                text22                             2D8E     2D8E      176         0
                text21                             3CCA     3CCA       C4         0
                text20                             407A     407A       B0         0
                text19                             51C8     51C8       40         0
                text18                             54EE     54EE        2         0
                text17                             3C00     3C00       CA         0
                text16                             5142     5142       44         0
                text15                             4862     4862       7A         0
                text14                             2BF8     2BF8      196         0
                text13                             32BA     32BA      12C         0
                text12                             4F84     4F84       50         0
                text11                             4F34     4F34       50         0
                text10                             4E88     4E88       5A         0
                text9                              3E50     3E50       BA         0
                text8                              3F0A     3F0A       B8         0
                text7                              2A50     2A50      1A8         0
                text6                              49CC     49CC       76         0
                text5                              3D8E     3D8E       C2         0
                text4                              5070     5070       46         0
                text3                              427E     427E       9C         0
                text2                              4E2E     4E2E       5A         0
                text1                              431A     431A       94         0
                text0                                12       12     1C84         0
                cinit                              4442     4442       8E         0
                idataBANK1                         4EE2     4EE2       51         0
                idataBANK0                         544C     544C       1D         0
                idataCOMRAM                        54BC     54BC        9         0

        CLASS   CONST          

        CLASS   SMALLCONST     

        CLASS   MEDIUMCONST    
                mediumconst                        FDFA     FDFA      206         0

        CLASS   COMRAM         
                temp                                 6D       6D        1         1
                cstackCOMRAM                          1        1       5B         1
                dataCOMRAM                           5C       5C        9         1
                bssCOMRAM                            65       65        8         1

        CLASS   ABS1           

        CLASS   BIGRAM         

        CLASS   RAM            

        CLASS   BANK0          
                cstackBANK0                          F5       F5        8         1
                dataBANK0                            D8       D8       1D         1
                bssBANK0                             80       80       58         1
                nvBANK0                              FD       FD        3         1

        CLASS   BANK1          
                cstackBANK1                         1AB      1AB       12         1
                dataBANK1                           15A      15A       51         1
                bssBANK1                            100      100       5A         1

        CLASS   BANK2          

        CLASS   BANK3          

        CLASS   BANK4          

        CLASS   BANK5          

        CLASS   BANK6          

        CLASS   BANK7          

        CLASS   BANK8          

        CLASS   BANK9          

        CLASS   BANK10         

        CLASS   BANK11         

        CLASS   BANK12         

        CLASS   BANK13         

        CLASS   BANK14         

        CLASS   BANK15         

        CLASS   SFR            

        CLASS   BIGSFR         

        CLASS   CONFIG         
                config                           300000   300000        E         4

        CLASS   IDLOC          

        CLASS   EEDATA         

        CLASS   FARRAM         

        CLASS   HEAP           

        CLASS   STACK          



SEGMENTS        Name                           Load    Length   Top    Selector   Space  Class

                reset_vec                      000000  000004  000004         0       0  CODE    
                cstackCOMRAM                   000001  00006D  00006E         1       1  COMRAM  
                intcode                        000008  004F2B  004F33         4       0  CODE    
                bssBANK0                       000080  000080  000100        80       1  BANK0   
                bssBANK1                       000100  0000BD  0001BD       100       1  BANK1   
                text11                         004F34  000535  005469      279A       0  CODE    
                text79                         00546A  00005B  0054C5      2A35       0  CODE    
                text70                         0054C6  00002C  0054F2      2A63       0  CODE    
                mediumconst                    00FDFA  000206  010000      7EFD       0  MEDIUMCO


UNUSED ADDRESS RANGES

        Name                Unused          Largest block    Delta
        BANK1            0001BD-0001FF               43
        BANK10           000A00-000AFF              100
        BANK11           000B00-000BFF              100
        BANK12           000C00-000CFF              100
        BANK13           000D00-000DFF              100
        BANK14           000E00-000EFF              100
        BANK15           000F00-000F7F               80
        BANK2            000200-0002FF              100
        BANK3            000300-0003FF              100
        BANK4            000400-0004FF              100
        BANK5            000500-0005FF              100
        BANK6            000600-0006FF              100
        BANK7            000700-0007FF              100
        BANK8            000800-0008FF              100
        BANK9            000900-0009FF              100
        BIGRAM           00006E-00007F               12
                         0001BD-000F7F              DC3
        BIGSFR           000F80-000FFF               80
        CODE             000004-000007                4
                         004F33-004F33                1
                         005469-005469                1
                         0054C5-0054C5                1
                         0054F2-00FDF9             A908
        COMRAM           00006E-00007F               12
        CONST            000004-000007                4
                         004F33-004F33                1
                         005469-005469                1
                         0054C5-0054C5                1
                         0054F2-00FDF9             A908
        EEDATA           F00000-F003FF              400
        IDLOC            200000-200007                8
        MEDIUMCONST      004F33-004F33                1
                         005469-005469                1
                         0054C5-0054C5                1
                         0054F2-00FDF9             A908
        RAM              0001BD-000F7F              100
        SFR              000F80-000FFF               80
        SMALLCONST       004F33-004F33                1
                         005469-005469                1
                         0054C5-0054C5                1
                         0054F2-00FDF9              100

                                  Symbol Table

?___awdiv                                    cstackCOMRAM 000012
?___awmod                                    cstackCOMRAM 000012
?___flmul                                    cstackCOMRAM 00002D
?___fltol                                    cstackCOMRAM 000046
?___lldiv                                    cstackCOMRAM 000012
?___lwdiv                                    cstackCOMRAM 000012
?___wmul                                     cstackCOMRAM 000012
?___xxtofl                                   cstackCOMRAM 00001F
?_abs                                        cstackCOMRAM 000018
?_atoi                                       cstackCOMRAM 000018
?_isdigit                                    cstackCOMRAM 000012
?_isspace                                    cstackCOMRAM 000012
?_sprintf                                    cstackCOMRAM 000050
?_vfprintf                                   cstackCOMRAM 000048
ADC_GetConversion_Blocking@ADC_obj           cstackCOMRAM 00001A
ADC_GetConversion_Blocking@Resualt           cstackCOMRAM 00001D
ADC_GetConversion_Blocking@channel           cstackCOMRAM 00001C
ADC_GetConversion_Blocking@ret               cstackCOMRAM 00001F
ADC_Read_Result@ADC_obj                      cstackCOMRAM 000012
ADC_Read_Result@Resualt                      cstackCOMRAM 000014
ADC_Read_Result@ret                          cstackCOMRAM 000019
ADC_Select_Channel@ADC_obj                   cstackCOMRAM 000015
ADC_Select_Channel@channel                   cstackCOMRAM 000017
ADC_Select_Channel@ret                       cstackCOMRAM 000019
ADC_Start_Conversion@ADC_obj                 cstackCOMRAM 000012
ADC_Start_Conversion@ret                     cstackCOMRAM 000014
ADC_configure_Channel@channel                cstackCOMRAM 000014
ADC_init@ADC_obj                             cstackCOMRAM 000015
ADC_init@ret                                 cstackCOMRAM 000018
CCP1_Capture_read_value@F3262                bssBANK0     0000BA
CCP1_Compare_write_value@F3272               bssBANK0     0000B8
EEPROM_Readdata@Data                         cstackCOMRAM 000014
EEPROM_Readdata@address                      cstackCOMRAM 000012
EEPROM_Readdata@ret                          cstackCOMRAM 000016
EEPROM_Writedata@Data                        cstackCOMRAM 000014
EEPROM_Writedata@GIE_status                  cstackCOMRAM 000015
EEPROM_Writedata@address                     cstackCOMRAM 000012
EUART_ASYNC_Init@F3260                       dataBANK0    0000DE
EUART_ASYNC_Init@F3262                       dataBANK0    0000DD
EUART_ASYNC_Init@ret                         cstackBANK0  0000F5
EUART_ASYNC_Init@rx_pin                      cstackBANK0  0000F7
EUART_ASYNC_Init@tx_pin                      cstackBANK0  0000F6
EUART_ASYNC_Init@uart_obj                    cstackCOMRAM 000059
EUART_ASYNC_RX_Init@uart_obj                 cstackCOMRAM 000012
EUART_ASYNC_Read_value_Non_Blocking@ret      cstackCOMRAM 000014
EUART_ASYNC_Read_value_Non_Blocking@value    cstackCOMRAM 000012
EUART_ASYNC_TX_Init@uart_obj                 cstackCOMRAM 000012
EUART_Beudrate_Init@Baudrate_temp            cstackCOMRAM 000055
EUART_Beudrate_Init@ret                      cstackCOMRAM 000054
EUART_Beudrate_Init@uart_obj                 cstackCOMRAM 000050
Interrupt_RBx_Call_Back@RB_obj               cstackCOMRAM 000012
Interrupt_RBx_Call_Back@ret                  cstackCOMRAM 000016
Interrupt_RBx_Enable@RB_obj                  cstackCOMRAM 000012
Interrupt_RBx_Enable@ret                     cstackCOMRAM 000014
Interrupt_RBx_Init@RB_obj                    cstackCOMRAM 000020
Interrupt_RBx_Init@ret                       cstackCOMRAM 000022
RB4_ISR@RB4_source                           cstackCOMRAM 00000B
RB5_ISR@RB5_source                           cstackCOMRAM 00000B
RB6_ISR@RB6_source                           cstackCOMRAM 00000B
RB7_ISR@RB7_source                           cstackCOMRAM 00000B
SPI_Master_Init@CLK_pin                      cstackCOMRAM 000021
SPI_Master_Init@F3218                        dataBANK0    0000E6
SPI_Master_Init@F3220                        dataBANK0    0000E5
SPI_Master_Init@F3222                        dataBANK0    0000E4
SPI_Master_Init@F3224                        dataBANK0    0000E3
SPI_Master_Init@MISO_pin                     cstackCOMRAM 000020
SPI_Master_Init@MOSI_pin                     cstackCOMRAM 00001F
SPI_Master_Init@SS_pin                       cstackCOMRAM 000022
SPI_Master_Init@ret                          cstackCOMRAM 00001E
SPI_Master_Init@spi_obj                      cstackCOMRAM 00001B
SPI_Slave_Init@F3229                         dataBANK0    0000E2
SPI_Slave_Init@F3231                         dataBANK0    0000E1
SPI_Slave_Init@F3233                         dataBANK0    0000E0
SPI_Slave_Init@F3235                         dataBANK0    0000DF
SPI_WriteBlocking@ret                        cstackCOMRAM 000015
SPI_WriteBlocking@spi_obj                    cstackCOMRAM 000012
SPI_WriteBlocking@value                      cstackCOMRAM 000014
Timer0_Deinit@TM0_obj                        cstackCOMRAM 000012
Timer0_Deinit@ret                            cstackCOMRAM 000014
Timer0_Mode_select@TM0_obj                   cstackCOMRAM 000012
Timer0_Prescaler_select@TM0_obj              cstackCOMRAM 000012
Timer0_REGISTER_select@TM0_obj               cstackCOMRAM 000012
Timer0_Write_Value@TM0_obj                   cstackCOMRAM 000012
Timer0_Write_Value@ret                       cstackCOMRAM 000018
Timer0_Write_Value@value                     cstackCOMRAM 000014
Timer0_init@TM0_obj                          cstackCOMRAM 000019
Timer0_init@ret                              cstackCOMRAM 00001B
_ADCON0bits                                  (abs)        000FC2
_ADCON1bits                                  (abs)        000FC1
_ADCON2bits                                  (abs)        000FC0
_ADC_GetConversion_Blocking                  text63       004BA2
_ADC_ISR                                     text91       0054EA
_ADC_InterruptCallBack                       bssBANK0     0000C0
_ADC_Read_Result                             text67       00412A
_ADC_Select_Channel                          text65       005248
_ADC_Start_Conversion                        text64       005428
_ADC_configure_Channel                       text66       003A52
_ADC_init                                    text50       003852
_ADC_temp                                    dataBANK1    00018D
_ADRESH                                      (abs)        000FC4
_ADRESL                                      (abs)        000FC3
_Air_cond                                    dataCOMRAM   000064
_BAUDCONbits                                 (abs)        000FB8
_CCP1CONbits                                 (abs)        000FBD
_CCP1_ISR                                    text90       0054E6
_CCP1_InterruptHandeler                      bssBANK0     0000BE
_CCP2CONbits                                 (abs)        000FBA
_CCP2_ISR                                    text89       0054E2
_CCP2_InterruptHandeler                      bssBANK0     0000BC
_CCPR1H                                      (abs)        000FBF
_CCPR1L                                      (abs)        000FBE
_CCPR2H                                      (abs)        000FBC
_CCPR2L                                      (abs)        000FBB
_EEADR                                       (abs)        000FA9
_EEADRH                                      (abs)        000FAA
_EECON1bits                                  (abs)        000FA6
_EECON2                                      (abs)        000FA7
_EEDATA                                      (abs)        000FA8
_EEPROM_Readdata                             text62       005186
_EEPROM_Writedata                            text61       0050FC
_EUART_ASYNC_Init                            text42       004C88
_EUART_ASYNC_RX_Init                         text49       003958
_EUART_ASYNC_Read_value_Non_Blocking         text60       0052F2
_EUART_ASYNC_TX_Init                         text48       003B2E
_EUART_Beudrate_Init                         text44       0024F6
_EUART_ENABLE                                bssCOMRAM    000068
_EUSART_RX_ISR                               text88       0044D0
_EUSART_TX_ISR                               text87       005358
_Heater                                      dataCOMRAM   000063
_I2C_Bus_Collision_ISR                       text86       0054DE
_I2C_DefaultInterruptHandle                  bssBANK0     0000B4
_I2C_ISR                                     text85       0054DA
_I2C_Report_Receive_Overflow_InterruptHandle bssBANK0     0000B2
_I2C_Report_Write_Collision_InterruptHandler bssBANK0     0000B6
_INT0_ISR                                    text84       0054D6
_INT1_ISR                                    text83       0054D2
_INT2_ISR                                    text82       0054CE
_INTCON2bits                                 (abs)        000FF1
_INTCON3bits                                 (abs)        000FF0
_INTCONbits                                  (abs)        000FF2
_INTx_Call_Back                              bssBANK1     00010B
_Interrupt_RBx_Call_Back                     text41       00363E
_Interrupt_RBx_Enable                        text40       0053B4
_Interrupt_RBx_Init                          text37       005024
_Interrupt_manager                           intcode      000008
_LATA                                        (abs)        000F89
_LATB                                        (abs)        000F8A
_LATC                                        (abs)        000F8B
_LATD                                        (abs)        000F8C
_LATE                                        (abs)        000F8D
_Mcal_initialize                             text35       004C16
_PIE1bits                                    (abs)        000F9D
_PIE2bits                                    (abs)        000FA0
_PIR1bits                                    (abs)        000F9E
_PIR2bits                                    (abs)        000FA1
_PORTA                                       (abs)        000F80
_PORTB                                       (abs)        000F81
_PORTBbits                                   (abs)        000F81
_PORTC                                       (abs)        000F82
_PORTD                                       (abs)        000F83
_PORTE                                       (abs)        000F84
_Pass_string                                 bssBANK1     000137
_RB4_ISR                                     text78       004760
_RB5_ISR                                     text77       0046DE
_RB6_ISR                                     text76       00465C
_RB7_ISR                                     text75       0045DA
_RBx_Call_Back                               bssBANK0     000080
_RBx_flag                                    bssBANK0     000094
_RCREG                                       (abs)        000FAE
_RCSTAbits                                   (abs)        000FAB
_SPBRG                                       (abs)        000FAF
_SPBRGH                                      (abs)        000FB0
_SPI_ISR                                     text74       0054F0
_SPI_Master_Init                             text36       003FC2
_SPI_WriteBlocking                           text59       005282
_SSPADD                                      (abs)        000FC8
_SSPBUF                                      (abs)        000FC9
_SSPCON1bits                                 (abs)        000FC6
_SSPCON2bits                                 (abs)        000FC5
_SSPSTATbits                                 (abs)        000FC7
_T0CONbits                                   (abs)        000FD5
_T1CONbits                                   (abs)        000FCD
_T2CONbits                                   (abs)        000FCA
_T3CONbits                                   (abs)        000FB1
_TIMER0_ISR                                  text72       0052BA
_TIMER1_ISR                                  text71       0054A4
_TIMER2_ISR                                  text70       0054C6
_TIMER3_ISR                                  text69       005496
_TMR0H                                       (abs)        000FD7
_TMR0L                                       (abs)        000FD6
_TMR1H                                       (abs)        000FCF
_TMR1L                                       (abs)        000FCE
_TMR2                                        (abs)        000FCC
_TMR3H                                       (abs)        000FB3
_TMR3L                                       (abs)        000FB2
_TRISA                                       (abs)        000F92
_TRISB                                       (abs)        000F93
_TRISC                                       (abs)        000F94
_TRISCbits                                   (abs)        000F94
_TRISD                                       (abs)        000F95
_TRISE                                       (abs)        000F96
_TXREG                                       (abs)        000FAD
_TXSTAbits                                   (abs)        000FAC
_Temp                                        nvBANK0      0000FE
_Timer0InterruptHandeler                     bssBANK0     0000B0
_Timer0_Deinit                               text58       005402
_Timer0_Mode_select                          text57       0047E2
_Timer0_Prescaler_select                     text56       004556
_Timer0_REGISTER_select                      text55       004D62
_Timer0_Write_Value                          text54       004954
_Timer0_init                                 text53       0043AE
_Timer1InterruptHandeler                     bssBANK0     0000AC
_Timer2InterruptHandeler                     bssBANK0     0000A8
_Timer3InterruptHandeler                     bssBANK0     0000A6
_Uart_FRAMING_CallBack                       bssBANK0     00009E
_Uart_OVERRUN_CallBack                       bssBANK0     00009C
_Uart_RX_CallBack                            bssBANK0     0000A0
_Uart_TX_CallBack                            bssBANK0     0000A2
__HRAM                                       (abs)        000000
__H__absolute__                              __absolute__ 000000
__Habs1                                      abs1         000000
__Hbank0                                     bank0        000000
__Hbank1                                     bank1        000000
__Hbank10                                    bank10       000000
__Hbank11                                    bank11       000000
__Hbank12                                    bank12       000000
__Hbank13                                    bank13       000000
__Hbank14                                    bank14       000000
__Hbank15                                    bank15       000000
__Hbank2                                     bank2        000000
__Hbank3                                     bank3        000000
__Hbank4                                     bank4        000000
__Hbank5                                     bank5        000000
__Hbank6                                     bank6        000000
__Hbank7                                     bank7        000000
__Hbank8                                     bank8        000000
__Hbank9                                     bank9        000000
__Hbigbss                                    bigbss       000000
__Hbigdata                                   bigdata      000000
__Hbigram                                    bigram       000000
__Hbigsfr                                    bigsfr       000000
__Hbss                                       bss          000000
__HbssBANK0                                  bssBANK0     000000
__HbssBANK1                                  bssBANK1     000000
__HbssCOMRAM                                 bssCOMRAM    000000
__Hcinit                                     cinit        000000
__Hclrtext                                   clrtext      000000
__Hcomram                                    comram       000000
__Hconfig                                    config       30000E
__Hconst                                     const        000000
__HcstackBANK0                               cstackBANK0  000000
__HcstackBANK1                               cstackBANK1  000000
__HcstackCOMRAM                              cstackCOMRAM 000000
__Hdata                                      data         000000
__HdataBANK0                                 dataBANK0    000000
__HdataBANK1                                 dataBANK1    000000
__HdataCOMRAM                                dataCOMRAM   000000
__Heeprom_data                               eeprom_data  000000
__Hfarbss                                    farbss       000000
__Hfardata                                   fardata      000000
__Hheap                                      heap         000000
__Hibigdata                                  ibigdata     000000
__Hidata                                     idata        000000
__HidataBANK0                                idataBANK0   000000
__HidataBANK1                                idataBANK1   000000
__HidataCOMRAM                               idataCOMRAM  000000
__Hidloc                                     idloc        000000
__Hifardata                                  ifardata     000000
__Hinit                                      init         000012
__Hintcode                                   intcode      00000E
__Hintcode_body                              intcode_body 000000
__Hintcodelo                                 intcodelo    00000E
__Hintentry                                  intentry     000000
__Hintret                                    intret       000000
__Hintsave_regs                              intsave_regs 000000
__Hirdata                                    irdata       000000
__Hmediumconst                               mediumconst  010000
__HnvBANK0                                   nvBANK0      000000
__HnvFARRAM                                  nvFARRAM     000000
__Hnvbit                                     nvbit        000000
__Hnvrram                                    nvrram       000000
__Hparam                                     rparam       000000
__Hpowerup                                   powerup      00000E
__Hram                                       ram          000000
__Hramtop                                    ramtop       001000
__Hrbit                                      rbit         000000
__Hrbss                                      rbss         000000
__Hrdata                                     rdata        000000
__Hreset_vec                                 reset_vec    000004
__Hrparam                                    rparam       000000
__Hsfr                                       sfr          000000
__Hsmallconst                                smallconst   000000
__Hspace_0                                   (abs)        010000
__Hspace_1                                   (abs)        0001BD
__Hspace_2                                   (abs)        000000
__Hspace_4                                   (abs)        60000E
__Hstack                                     stack        000000
__Hstruct                                    struct       000000
__Htemp                                      temp         00006E
__Htext                                      text         000000
__Htext0                                     text0        000000
__Htext1                                     text1        000000
__Htext10                                    text10       000000
__Htext11                                    text11       000000
__Htext12                                    text12       000000
__Htext13                                    text13       000000
__Htext14                                    text14       000000
__Htext15                                    text15       000000
__Htext16                                    text16       000000
__Htext17                                    text17       000000
__Htext18                                    text18       000000
__Htext19                                    text19       000000
__Htext2                                     text2        000000
__Htext20                                    text20       000000
__Htext21                                    text21       000000
__Htext22                                    text22       000000
__Htext23                                    text23       000000
__Htext24                                    text24       000000
__Htext25                                    text25       000000
__Htext26                                    text26       000000
__Htext27                                    text27       000000
__Htext28                                    text28       000000
__Htext29                                    text29       000000
__Htext3                                     text3        000000
__Htext30                                    text30       000000
__Htext31                                    text31       000000
__Htext32                                    text32       000000
__Htext33                                    text33       000000
__Htext34                                    text34       000000
__Htext35                                    text35       000000
__Htext36                                    text36       000000
__Htext37                                    text37       000000
__Htext38                                    text38       000000
__Htext39                                    text39       000000
__Htext4                                     text4        000000
__Htext40                                    text40       000000
__Htext41                                    text41       000000
__Htext42                                    text42       000000
__Htext43                                    text43       000000
__Htext44                                    text44       000000
__Htext45                                    text45       000000
__Htext46                                    text46       000000
__Htext47                                    text47       000000
__Htext48                                    text48       000000
__Htext49                                    text49       000000
__Htext5                                     text5        000000
__Htext50                                    text50       000000
__Htext51                                    text51       000000
__Htext52                                    text52       000000
__Htext53                                    text53       000000
__Htext54                                    text54       000000
__Htext55                                    text55       000000
__Htext56                                    text56       000000
__Htext57                                    text57       000000
__Htext58                                    text58       000000
__Htext59                                    text59       000000
__Htext6                                     text6        000000
__Htext60                                    text60       000000
__Htext61                                    text61       000000
__Htext62                                    text62       000000
__Htext63                                    text63       000000
__Htext64                                    text64       000000
__Htext65                                    text65       000000
__Htext66                                    text66       000000
__Htext67                                    text67       000000
__Htext69                                    text69       000000
__Htext7                                     text7        000000
__Htext70                                    text70       000000
__Htext71                                    text71       000000
__Htext72                                    text72       000000
__Htext73                                    text73       000000
__Htext74                                    text74       000000
__Htext75                                    text75       000000
__Htext76                                    text76       000000
__Htext77                                    text77       000000
__Htext78                                    text78       000000
__Htext79                                    text79       000000
__Htext8                                     text8        000000
__Htext80                                    text80       000000
__Htext81                                    text81       000000
__Htext82                                    text82       000000
__Htext83                                    text83       000000
__Htext84                                    text84       000000
__Htext85                                    text85       000000
__Htext86                                    text86       000000
__Htext87                                    text87       000000
__Htext88                                    text88       000000
__Htext89                                    text89       000000
__Htext9                                     text9        000000
__Htext90                                    text90       000000
__Htext91                                    text91       000000
__Htext92                                    text92       000000
__LRAM                                       (abs)        000001
__L__absolute__                              __absolute__ 000000
__Labs1                                      abs1         000000
__Lbank0                                     bank0        000000
__Lbank1                                     bank1        000000
__Lbank10                                    bank10       000000
__Lbank11                                    bank11       000000
__Lbank12                                    bank12       000000
__Lbank13                                    bank13       000000
__Lbank14                                    bank14       000000
__Lbank15                                    bank15       000000
__Lbank2                                     bank2        000000
__Lbank3                                     bank3        000000
__Lbank4                                     bank4        000000
__Lbank5                                     bank5        000000
__Lbank6                                     bank6        000000
__Lbank7                                     bank7        000000
__Lbank8                                     bank8        000000
__Lbank9                                     bank9        000000
__Lbigbss                                    bigbss       000000
__Lbigdata                                   bigdata      000000
__Lbigram                                    bigram       000000
__Lbigsfr                                    bigsfr       000000
__Lbss                                       bss          000000
__LbssBANK0                                  bssBANK0     000000
__LbssBANK1                                  bssBANK1     000000
__LbssCOMRAM                                 bssCOMRAM    000000
__Lcinit                                     cinit        000000
__Lclrtext                                   clrtext      000000
__Lcomram                                    comram       000000
__Lconfig                                    config       000000
__Lconst                                     const        000000
__LcstackBANK0                               cstackBANK0  000000
__LcstackBANK1                               cstackBANK1  000000
__LcstackCOMRAM                              cstackCOMRAM 000000
__Ldata                                      data         000000
__LdataBANK0                                 dataBANK0    000000
__LdataBANK1                                 dataBANK1    000000
__LdataCOMRAM                                dataCOMRAM   000000
__Leeprom_data                               eeprom_data  000000
__Lfarbss                                    farbss       000000
__Lfardata                                   fardata      000000
__Lheap                                      heap         000000
__Libigdata                                  ibigdata     000000
__Lidata                                     idata        000000
__LidataBANK0                                idataBANK0   000000
__LidataBANK1                                idataBANK1   000000
__LidataCOMRAM                               idataCOMRAM  000000
__Lidloc                                     idloc        000000
__Lifardata                                  ifardata     000000
__Linit                                      init         00000E
__Lintcode                                   intcode      000008
__Lintcode_body                              intcode_body 000000
__Lintcodelo                                 intcodelo    00000E
__Lintentry                                  intentry     000000
__Lintret                                    intret       000000
__Lintsave_regs                              intsave_regs 000000
__Lirdata                                    irdata       000000
__Lmediumconst                               mediumconst  00FDFA
__LnvBANK0                                   nvBANK0      000000
__LnvFARRAM                                  nvFARRAM     000000
__Lnvbit                                     nvbit        000000
__Lnvrram                                    nvrram       000000
__Lparam                                     rparam       000000
__Lpowerup                                   powerup      00000E
__Lram                                       ram          000000
__Lramtop                                    ramtop       001000
__Lrbit                                      rbit         000000
__Lrbss                                      rbss         000000
__Lrdata                                     rdata        000000
__Lreset_vec                                 reset_vec    000000
__Lrparam                                    rparam       000000
__Lsfr                                       sfr          000000
__Lsmallconst                                smallconst   000000
__Lspace_0                                   (abs)        000000
__Lspace_1                                   (abs)        000000
__Lspace_2                                   (abs)        000000
__Lspace_4                                   (abs)        000000
__Lstack                                     stack        000000
__Lstruct                                    struct       000000
__Ltemp                                      temp         00006D
__Ltext                                      text         000000
__Ltext0                                     text0        000000
__Ltext1                                     text1        000000
__Ltext10                                    text10       000000
__Ltext11                                    text11       000000
__Ltext12                                    text12       000000
__Ltext13                                    text13       000000
__Ltext14                                    text14       000000
__Ltext15                                    text15       000000
__Ltext16                                    text16       000000
__Ltext17                                    text17       000000
__Ltext18                                    text18       000000
__Ltext19                                    text19       000000
__Ltext2                                     text2        000000
__Ltext20                                    text20       000000
__Ltext21                                    text21       000000
__Ltext22                                    text22       000000
__Ltext23                                    text23       000000
__Ltext24                                    text24       000000
__Ltext25                                    text25       000000
__Ltext26                                    text26       000000
__Ltext27                                    text27       000000
__Ltext28                                    text28       000000
__Ltext29                                    text29       000000
__Ltext3                                     text3        000000
__Ltext30                                    text30       000000
__Ltext31                                    text31       000000
__Ltext32                                    text32       000000
__Ltext33                                    text33       000000
__Ltext34                                    text34       000000
__Ltext35                                    text35       000000
__Ltext36                                    text36       000000
__Ltext37                                    text37       000000
__Ltext38                                    text38       000000
__Ltext39                                    text39       000000
__Ltext4                                     text4        000000
__Ltext40                                    text40       000000
__Ltext41                                    text41       000000
__Ltext42                                    text42       000000
__Ltext43                                    text43       000000
__Ltext44                                    text44       000000
__Ltext45                                    text45       000000
__Ltext46                                    text46       000000
__Ltext47                                    text47       000000
__Ltext48                                    text48       000000
__Ltext49                                    text49       000000
__Ltext5                                     text5        000000
__Ltext50                                    text50       000000
__Ltext51                                    text51       000000
__Ltext52                                    text52       000000
__Ltext53                                    text53       000000
__Ltext54                                    text54       000000
__Ltext55                                    text55       000000
__Ltext56                                    text56       000000
__Ltext57                                    text57       000000
__Ltext58                                    text58       000000
__Ltext59                                    text59       000000
__Ltext6                                     text6        000000
__Ltext60                                    text60       000000
__Ltext61                                    text61       000000
__Ltext62                                    text62       000000
__Ltext63                                    text63       000000
__Ltext64                                    text64       000000
__Ltext65                                    text65       000000
__Ltext66                                    text66       000000
__Ltext67                                    text67       000000
__Ltext69                                    text69       000000
__Ltext7                                     text7        000000
__Ltext70                                    text70       000000
__Ltext71                                    text71       000000
__Ltext72                                    text72       000000
__Ltext73                                    text73       000000
__Ltext74                                    text74       000000
__Ltext75                                    text75       000000
__Ltext76                                    text76       000000
__Ltext77                                    text77       000000
__Ltext78                                    text78       000000
__Ltext79                                    text79       000000
__Ltext8                                     text8        000000
__Ltext80                                    text80       000000
__Ltext81                                    text81       000000
__Ltext82                                    text82       000000
__Ltext83                                    text83       000000
__Ltext84                                    text84       000000
__Ltext85                                    text85       000000
__Ltext86                                    text86       000000
__Ltext87                                    text87       000000
__Ltext88                                    text88       000000
__Ltext89                                    text89       000000
__Ltext9                                     text9        000000
__Ltext90                                    text90       000000
__Ltext91                                    text91       000000
__Ltext92                                    text92       000000
__S0                                         (abs)        010000
__S1                                         (abs)        0001BD
__S4                                         (abs)        000000
__S5                                         (abs)        000000
___awdiv                                     text21       003CCA
___awdiv@counter                             cstackCOMRAM 000016
___awdiv@dividend                            cstackCOMRAM 000012
___awdiv@divisor                             cstackCOMRAM 000014
___awdiv@quotient                            cstackCOMRAM 000018
___awdiv@sign                                cstackCOMRAM 000017
___awmod                                     text20       00407A
___awmod@counter                             cstackCOMRAM 000016
___awmod@dividend                            cstackCOMRAM 000012
___awmod@divisor                             cstackCOMRAM 000014
___awmod@sign                                cstackCOMRAM 000017
___flmul                                     text52       0020CC
___flmul@a                                   cstackCOMRAM 000031
___flmul@aexp                                cstackCOMRAM 00003E
___flmul@b                                   cstackCOMRAM 00002D
___flmul@bexp                                cstackCOMRAM 00003F
___flmul@grs                                 cstackCOMRAM 00003A
___flmul@prod                                cstackCOMRAM 000040
___flmul@sign                                cstackCOMRAM 000039
___flmul@temp                                cstackCOMRAM 000044
___fltol                                     text47       00374C
___fltol@exp1                                cstackCOMRAM 00004F
___fltol@f1                                  cstackCOMRAM 000046
___fltol@sign1                               cstackCOMRAM 00004E
___heap_hi                                   (abs)        000000
___heap_lo                                   (abs)        000000
___inthi_sp                                  stack        000000
___intlo_sp                                  stack        000000
___lldiv                                     text46       0041DA
___lldiv@counter                             cstackCOMRAM 00001E
___lldiv@dividend                            cstackCOMRAM 000012
___lldiv@divisor                             cstackCOMRAM 000016
___lldiv@quotient                            cstackCOMRAM 00001A
___lwdiv                                     text51       004B2E
___lwdiv@counter                             cstackCOMRAM 000018
___lwdiv@dividend                            cstackCOMRAM 000012
___lwdiv@divisor                             cstackCOMRAM 000014
___lwdiv@quotient                            cstackCOMRAM 000016
___param_bank                                (abs)        000000
___rparam_used                               (abs)        000001
___sp                                        stack        000000
___wmul                                      text26       0053DC
___wmul@multiplicand                         cstackCOMRAM 000014
___wmul@multiplier                           cstackCOMRAM 000012
___wmul@product                              cstackCOMRAM 000016
___xxtofl                                    text45       00289C
___xxtofl@arg                                cstackCOMRAM 000029
___xxtofl@exp                                cstackCOMRAM 000028
___xxtofl@sign                               cstackCOMRAM 000027
___xxtofl@val                                cstackCOMRAM 00001F
__accesstop                                  (abs)        000080
__activetblptr                               (abs)        000003
__end_of_ADC_GetConversion_Blocking          text63       004C16
__end_of_ADC_ISR                             text91       0054EE
__end_of_ADC_Read_Result                     text67       0041DA
__end_of_ADC_Select_Channel                  text65       005282
__end_of_ADC_Start_Conversion                text64       00544C
__end_of_ADC_configure_Channel               text66       003B2E
__end_of_ADC_init                            text50       003958
__end_of_CCP1_ISR                            text90       0054EA
__end_of_CCP2_ISR                            text89       0054E6
__end_of_EEPROM_Readdata                     text62       0051C8
__end_of_EEPROM_Writedata                    text61       005142
__end_of_EUART_ASYNC_Init                    text42       004CF6
__end_of_EUART_ASYNC_RX_Init                 text49       003A52
__end_of_EUART_ASYNC_Read_value_Non_Blocking text60       005326
__end_of_EUART_ASYNC_TX_Init                 text48       003C00
__end_of_EUART_Beudrate_Init                 text44       00289C
__end_of_EUSART_RX_ISR                       text88       004556
__end_of_EUSART_TX_ISR                       text87       005388
__end_of_I2C_Bus_Collision_ISR               text86       0054E2
__end_of_I2C_ISR                             text85       0054DE
__end_of_INT0_ISR                            text84       0054DA
__end_of_INT1_ISR                            text83       0054D6
__end_of_INT2_ISR                            text82       0054D2
__end_of_Interrupt_RBx_Call_Back             text41       00374C
__end_of_Interrupt_RBx_Enable                text40       0053DC
__end_of_Interrupt_RBx_Init                  text37       005070
__end_of_Interrupt_manager                   intcode_body 0020CC
__end_of_Mcal_initialize                     text35       004C88
__end_of_RB4_ISR                             text78       0047E2
__end_of_RB5_ISR                             text77       004760
__end_of_RB6_ISR                             text76       0046DE
__end_of_RB7_ISR                             text75       00465C
__end_of_SPI_ISR                             text74       0054F2
__end_of_SPI_Master_Init                     text36       00407A
__end_of_SPI_WriteBlocking                   text59       0052BA
__end_of_TIMER0_ISR                          text72       0052F2
__end_of_TIMER1_ISR                          text71       0054B2
__end_of_TIMER2_ISR                          text70       0054CE
__end_of_TIMER3_ISR                          text69       0054A4
__end_of_Timer0_Deinit                       text58       005428
__end_of_Timer0_Mode_select                  text57       004862
__end_of_Timer0_Prescaler_select             text56       0045DA
__end_of_Timer0_REGISTER_select              text55       004DCC
__end_of_Timer0_Write_Value                  text54       0049CC
__end_of_Timer0_init                         text53       004442
__end_of___awdiv                             text21       003D8E
__end_of___awmod                             text20       00412A
__end_of___flmul                             text52       0024F6
__end_of___fltol                             text47       003852
__end_of___lldiv                             text46       00427E
__end_of___lwdiv                             text51       004BA2
__end_of___wmul                              text26       005402
__end_of___xxtofl                            text45       002A50
__end_of__initialization                     cinit        0044C6
__end_of_abs                                 text19       005208
__end_of_application_initialize              text27       0054BC
__end_of_atoi                                text23       003048
__end_of_btn_values                          mediumconst  00FE07
__end_of_convert_byte_to_string              text10       004EE2
__end_of_convert_short_to_string             text9        003F0A
__end_of_dtoa                                text14       002D8E
__end_of_ecu_initialize                      text28       005358
__end_of_fputc                               text17       003CCA
__end_of_fputs                               text16       005186
__end_of_gpio_pin_direction_initialize       text43       00318C
__end_of_gpio_pin_initialize                 text38       004D62
__end_of_gpio_pin_read_logic                 text8        003FC2
__end_of_gpio_pin_write_logic                text39       003512
__end_of_initialize_seven_segment            text34       004E2E
__end_of_isdigit                             text25       0053B4
__end_of_isspace                             text24       0050FC
__end_of_keypad_get_value                    text7        002BF8
__end_of_keypad_initialize                   text33       004954
__end_of_lcd_4bit_initialize                 text29       0032BA
__end_of_lcd_4bit_send_char                  text6        004A42
__end_of_lcd_4bit_send_char_pos              text4        0050B6
__end_of_lcd_4bit_send_command               text30       004AB8
__end_of_lcd_4bit_send_enable                text32       005024
__end_of_lcd_4bit_send_string                text3        00431A
__end_of_lcd_4bit_send_string_pos            text2        004E88
__end_of_lcd_4bit_set_cursor                 text5        003E50
__end_of_lcd_send_4bit                       text31       004B2E
__end_of_main                                text0        001C96
__end_of_memset                              text22       002F04
__end_of_pad                                 text15       0048DC
__end_of_putch                               text18       0054F0
__end_of_rbx_int_High                        text79       005480
__end_of_rbx_int_Low                         text80       005496
__end_of_seven_segment_write_number          text1        0043AE
__end_of_sprintf                             text11       004F84
__end_of_timer0_interrubt                    text73       005248
__end_of_vfpfcnvrt                           text13       0033E6
__end_of_vfprintf                            text12       004FD4
__end_ofi2_gpio_pin_write_logic              text81       00363E
__initialization                             cinit        004442
__mediumconst                                mediumconst  00FDFA
__pbssBANK0                                  bssBANK0     000080
__pbssBANK1                                  bssBANK1     000100
__pbssCOMRAM                                 bssCOMRAM    000065
__pcinit                                     cinit        004442
__pcstackBANK0                               cstackBANK0  0000F5
__pcstackBANK1                               cstackBANK1  0001AB
__pcstackCOMRAM                              cstackCOMRAM 000001
__pdataBANK0                                 dataBANK0    0000D8
__pdataBANK1                                 dataBANK1    00015A
__pdataCOMRAM                                dataCOMRAM   00005C
__pidataBANK0                                idataBANK0   00544C
__pidataBANK1                                idataBANK1   004EE2
__pidataCOMRAM                               idataCOMRAM  0054BC
__pintcode                                   intcode      000008
__pintcode_body                              intcode_body 001C96
__pmediumconst                               mediumconst  00FDFA
__pnvBANK0                                   nvBANK0      0000FD
__ptext0                                     text0        000012
__ptext1                                     text1        00431A
__ptext10                                    text10       004E88
__ptext11                                    text11       004F34
__ptext12                                    text12       004F84
__ptext13                                    text13       0032BA
__ptext14                                    text14       002BF8
__ptext15                                    text15       004862
__ptext16                                    text16       005142
__ptext17                                    text17       003C00
__ptext18                                    text18       0054EE
__ptext19                                    text19       0051C8
__ptext2                                     text2        004E2E
__ptext20                                    text20       00407A
__ptext21                                    text21       003CCA
__ptext22                                    text22       002D8E
__ptext23                                    text23       002F04
__ptext24                                    text24       0050B6
__ptext25                                    text25       005388
__ptext26                                    text26       0053DC
__ptext27                                    text27       0054B2
__ptext28                                    text28       005326
__ptext29                                    text29       00318C
__ptext3                                     text3        00427E
__ptext30                                    text30       004A42
__ptext31                                    text31       004AB8
__ptext32                                    text32       004FD4
__ptext33                                    text33       0048DC
__ptext34                                    text34       004DCC
__ptext35                                    text35       004C16
__ptext36                                    text36       003FC2
__ptext37                                    text37       005024
__ptext38                                    text38       004CF6
__ptext39                                    text39       0033E6
__ptext4                                     text4        005070
__ptext40                                    text40       0053B4
__ptext41                                    text41       00363E
__ptext42                                    text42       004C88
__ptext43                                    text43       003048
__ptext44                                    text44       0024F6
__ptext45                                    text45       00289C
__ptext46                                    text46       0041DA
__ptext47                                    text47       00374C
__ptext48                                    text48       003B2E
__ptext49                                    text49       003958
__ptext5                                     text5        003D8E
__ptext50                                    text50       003852
__ptext51                                    text51       004B2E
__ptext52                                    text52       0020CC
__ptext53                                    text53       0043AE
__ptext54                                    text54       004954
__ptext55                                    text55       004D62
__ptext56                                    text56       004556
__ptext57                                    text57       0047E2
__ptext58                                    text58       005402
__ptext59                                    text59       005282
__ptext6                                     text6        0049CC
__ptext60                                    text60       0052F2
__ptext61                                    text61       0050FC
__ptext62                                    text62       005186
__ptext63                                    text63       004BA2
__ptext64                                    text64       005428
__ptext65                                    text65       005248
__ptext66                                    text66       003A52
__ptext67                                    text67       00412A
__ptext69                                    text69       005496
__ptext7                                     text7        002A50
__ptext70                                    text70       0054C6
__ptext71                                    text71       0054A4
__ptext72                                    text72       0052BA
__ptext73                                    text73       005208
__ptext74                                    text74       0054F0
__ptext75                                    text75       0045DA
__ptext76                                    text76       00465C
__ptext77                                    text77       0046DE
__ptext78                                    text78       004760
__ptext79                                    text79       00546A
__ptext8                                     text8        003F0A
__ptext80                                    text80       005480
__ptext81                                    text81       003512
__ptext82                                    text82       0054CE
__ptext83                                    text83       0054D2
__ptext84                                    text84       0054D6
__ptext85                                    text85       0054DA
__ptext86                                    text86       0054DE
__ptext87                                    text87       005358
__ptext88                                    text88       0044D0
__ptext89                                    text89       0054E2
__ptext9                                     text9        003E50
__ptext90                                    text90       0054E6
[...]
_port_registers                              dataBANK1    000164
_prec                                        bssBANK0     00009A
_putch                                       text18       0054EE
_rbx_int_High                                text79       00546A
_rbx_int_Low                                 text80       005480
_ret                                         nvBANK0      0000FD
_rtc                                         bssBANK0     0000D1
_seg_1                                       dataBANK1    0001A6
_seg_2                                       dataBANK1    0001A1
_seven_segment_write_number                  text1        00431A
_spi1_obj                                    dataCOMRAM   000062
_sprintf                                     text11       004F34
_temp_string                                 bssBANK1     00014B
_timer0_interrubt                            text73       005208
_timer0_preload                              bssBANK0     0000AE
_timer1_preload                              bssBANK0     0000AA
_timer2_preload                              bssBANK0     0000C8
_timer3_preload                              bssBANK0     0000A4
_tm0                                         dataBANK1    000194
_tries                                       dataBANK0    0000DC
_tries_string                                bssBANK1     000155
_tris_registers                              dataBANK1    00016E
_value                                       bssCOMRAM    00006C
_vfpfcnvrt                                   text13       0032BA
_vfprintf                                    text12       004F84
_width                                       bssBANK0     000098
abs@a                                        cstackCOMRAM 000018
atoi@n                                       cstackCOMRAM 00001F
atoi@neg                                     cstackCOMRAM 00001D
atoi@s                                       cstackCOMRAM 000018
btemp                                        temp         00006D
convert_byte_to_string@ret                   cstackCOMRAM 00005B
convert_byte_to_string@str                   cstackCOMRAM 000058
convert_byte_to_string@value                 cstackCOMRAM 00005A
convert_short_to_string@DataCounter          cstackBANK0  0000FC
convert_short_to_string@Temp_String          cstackBANK0  0000F5
convert_short_to_string@ret                  cstackBANK0  0000FB
convert_short_to_string@str                  cstackCOMRAM 00005A
convert_short_to_string@value                cstackCOMRAM 000058
dtoa@d                                       cstackCOMRAM 00002F
dtoa@fp                                      cstackCOMRAM 00002D
dtoa@i                                       cstackCOMRAM 000038
dtoa@p                                       cstackCOMRAM 000033
dtoa@s                                       cstackCOMRAM 000037
dtoa@w                                       cstackCOMRAM 000035
end_of_initialization                        cinit        0044C6
fputc@c                                      cstackCOMRAM 000012
fputc@fp                                     cstackCOMRAM 000014
fputs@c                                      cstackCOMRAM 00001F
fputs@fp                                     cstackCOMRAM 00001D
fputs@i                                      cstackCOMRAM 000020
fputs@s                                      cstackCOMRAM 00001B
gpio_pin_direction_initialize@pin            cstackCOMRAM 000012
gpio_pin_direction_initialize@ret            cstackCOMRAM 00001A
gpio_pin_initialize@pin                      cstackCOMRAM 00001C
gpio_pin_initialize@ret                      cstackCOMRAM 00001F
gpio_pin_read_logic@log                      cstackCOMRAM 000014
gpio_pin_read_logic@pin                      cstackCOMRAM 000012
gpio_pin_read_logic@ret                      cstackCOMRAM 00001B
gpio_pin_write_logic@log                     cstackCOMRAM 000014
gpio_pin_write_logic@pin                     cstackCOMRAM 000012
gpio_pin_write_logic@ret                     cstackCOMRAM 00001B
i2_gpio_pin_write_logic                      text81       003512
i2gpio_pin_write_logic@log                   cstackCOMRAM 000003
i2gpio_pin_write_logic@pin                   cstackCOMRAM 000001
i2gpio_pin_write_logic@ret                   cstackCOMRAM 00000A
initialize_seven_segment@ret                 cstackCOMRAM 000022
initialize_seven_segment@segment             cstackCOMRAM 000020
int$flags                                    temp         00006D
int_func                                     intcode_body 001C96
intlevel0                                    text         000000
intlevel1                                    text         000000
intlevel2                                    text         000000
intlevel3                                    text         000000
isa$std                                      (abs)        000001
isa$xinst                                    (abs)        000000
isdigit@c                                    cstackCOMRAM 000012
isspace@c                                    cstackCOMRAM 000012
keypad_get_value@coulmn_counter              cstackCOMRAM 000027
keypad_get_value@counter                     cstackCOMRAM 000024
keypad_get_value@flag                        cstackCOMRAM 000022
keypad_get_value@keypad                      cstackCOMRAM 00001C
keypad_get_value@log                         cstackCOMRAM 000026
keypad_get_value@ret                         cstackCOMRAM 000023
keypad_get_value@row_counter                 cstackCOMRAM 000025
keypad_get_value@value                       cstackCOMRAM 00001E
keypad_initialize@i                          cstackCOMRAM 000025
keypad_initialize@i_487                      cstackCOMRAM 000026
keypad_initialize@keypad                     cstackCOMRAM 000020
keypad_initialize@ret                        cstackCOMRAM 000024
lcd_4bit_initialize@i                        cstackCOMRAM 00002B
lcd_4bit_initialize@lcd_obj                  cstackCOMRAM 000028
lcd_4bit_initialize@ret                      cstackCOMRAM 00002D
lcd_4bit_send_char@chr                       cstackCOMRAM 000026
lcd_4bit_send_char@lcd_obj                   cstackCOMRAM 000024
lcd_4bit_send_char@ret                       cstackCOMRAM 000027
lcd_4bit_send_char_pos@chr                   cstackCOMRAM 000033
lcd_4bit_send_char_pos@column                cstackCOMRAM 000032
lcd_4bit_send_char_pos@lcd_obj               cstackCOMRAM 00002F
lcd_4bit_send_char_pos@ret                   cstackCOMRAM 000034
lcd_4bit_send_char_pos@row                   cstackCOMRAM 000031
lcd_4bit_send_command@command                cstackCOMRAM 000026
lcd_4bit_send_command@lcd_obj                cstackCOMRAM 000024
lcd_4bit_send_command@ret                    cstackCOMRAM 000027
lcd_4bit_send_enable@lcd_obj                 cstackCOMRAM 00001C
lcd_4bit_send_enable@ret                     cstackCOMRAM 00001E
lcd_4bit_send_string@lcd_obj                 cstackCOMRAM 000028
lcd_4bit_send_string@ret                     cstackCOMRAM 00002C
lcd_4bit_send_string@string                  cstackCOMRAM 00002A
lcd_4bit_send_string_pos@column              cstackCOMRAM 000032
lcd_4bit_send_string_pos@lcd_obj             cstackCOMRAM 00002F
lcd_4bit_send_string_pos@ret                 cstackCOMRAM 000035
lcd_4bit_send_string_pos@row                 cstackCOMRAM 000031
lcd_4bit_send_string_pos@string              cstackCOMRAM 000033
lcd_4bit_set_cursor@column                   cstackCOMRAM 00002B
lcd_4bit_set_cursor@lcd_obj                  cstackCOMRAM 000028
lcd_4bit_set_cursor@ret                      cstackCOMRAM 00002E
lcd_4bit_set_cursor@row                      cstackCOMRAM 00002A
lcd_send_4bit@data_command                   cstackCOMRAM 00001E
lcd_send_4bit@i                              cstackCOMRAM 000022
lcd_send_4bit@lcd_obj                        cstackCOMRAM 00001C
lcd_send_4bit@ret                            cstackCOMRAM 000021
led_initialize@F3201                         bssBANK0     0000CC
led_toggle@F3216                             bssBANK0     0000C9
led_turn_off@F3211                           bssBANK0     0000CA
led_turn_on@F3206                            bssBANK0     0000CB
memset@c                                     cstackCOMRAM 000014
memset@dest                                  cstackCOMRAM 000012
memset@k                                     cstackCOMRAM 00001A
memset@n                                     cstackCOMRAM 000016
memset@s                                     cstackCOMRAM 00001C
pad@buf                                      cstackCOMRAM 000024
pad@fp                                       cstackCOMRAM 000022
pad@i                                        cstackCOMRAM 000029
pad@p                                        cstackCOMRAM 000026
pad@w                                        cstackCOMRAM 00002B
relay_initialize@F3197                       bssBANK0     0000D0
relay_toggle@F3212                           bssBANK0     0000CD
relay_turn_off@F3207                         bssBANK0     0000CE
relay_turn_on@F3202                          bssBANK0     0000CF
seven_segment_write_number@number            cstackCOMRAM 00001E
seven_segment_write_number@ret               cstackCOMRAM 00001F
seven_segment_write_number@segment           cstackCOMRAM 00001C
sprintf@ap                                   cstackBANK1  0001AB
sprintf@f                                    cstackBANK1  0001AD
sprintf@fmt                                  cstackCOMRAM 000052
sprintf@s                                    cstackCOMRAM 000050
stackhi                                      (abs)        000000
stacklo                                      (abs)        000000
start                                        init         00000E
start_initialization                         cinit        004442
ttemp5                                       temp         00006E
ttemp6                                       temp         000071
ttemp7                                       temp         000075
vfpfcnvrt@ap                                 cstackCOMRAM 00003E
vfpfcnvrt@convarg                            cstackCOMRAM 000042
vfpfcnvrt@cp                                 cstackCOMRAM 000046
vfpfcnvrt@fmt                                cstackCOMRAM 00003C
vfpfcnvrt@fp                                 cstackCOMRAM 00003A
vfprintf@ap                                  cstackCOMRAM 00004C
vfprintf@cfmt                                cstackCOMRAM 00004E
vfprintf@fmt                                 cstackCOMRAM 00004A
vfprintf@fp                                  cstackCOMRAM 000048
wtemp8                                       temp         00006E


MODULE INFORMATION

Module		Function		Class		Link	Load	Size
C:\Program Files\Microchip\xc8\v2.41\pic\sources\c99\common\awmod.c
		___awmod       		CODE           	407A	0000	176

C:\Program Files\Microchip\xc8\v2.41\pic\sources\c99\common\awmod.c estimated size: 176

ECU_layer/key_pad/ecu_key_pad.c
		_keypad_get_value		CODE           	2A50	0000	424
		_keypad_initialize		CODE           	48DC	0000	120

ECU_layer/key_pad/ecu_key_pad.c estimated size: 544

MCAL_layer/Timer3/Timer3.c
		_TIMER3_ISR    		CODE           	5496	0000	14

MCAL_layer/Timer3/Timer3.c estimated size: 14

MCAL_layer/CCP/CCP1.c
		_CCP1_ISR      		CODE           	54E6	0000	4
		_CCP2_ISR      		CODE           	54E2	0000	4

MCAL_layer/CCP/CCP1.c estimated size: 8

MCAL_layer/GPIO/hal_gpio.c
		_gpio_pin_write_logic		CODE           	33E6	0000	300
		_gpio_pin_read_logic		CODE           	3F0A	0000	184
		_gpio_pin_direction_initialize		CODE           	3048	0000	324
		_gpio_pin_initialize		CODE           	4CF6	0000	108

MCAL_layer/GPIO/hal_gpio.c estimated size: 916

MCAL_layer/Timer2/Timer2.c
		_TIMER2_ISR    		CODE           	54C6	0000	8

MCAL_layer/Timer2/Timer2.c estimated size: 8

MCAL_layer/I2C/I2C.c
		_I2C_Bus_Collision_ISR		CODE           	54DE	0000	4
		_I2C_ISR       		CODE           	54DA	0000	4

MCAL_layer/I2C/I2C.c estimated size: 8

C:\Program Files\Microchip\xc8\v2.41\pic\sources\c99\common\fltol.c
		___fltol       		CODE           	374C	0000	262

C:\Program Files\Microchip\xc8\v2.41\pic\sources\c99\common\fltol.c estimated size: 262

C:\Program Files\Microchip\xc8\v2.41\pic\sources\c99\common\xxtofl.c
		___xxtofl      		CODE           	289C	0000	436

C:\Program Files\Microchip\xc8\v2.41\pic\sources\c99\common\xxtofl.c estimated size: 436

C:\Program Files\Microchip\xc8\v2.41\pic\sources\c99\common\__lldiv.c
		___lldiv       		CODE           	41DA	0000	164

C:\Program Files\Microchip\xc8\v2.41\pic\sources\c99\common\__lldiv.c estimated size: 164

MCAL_layer/Interrupt/mcal_Interrupt_manger.c
		_Interrupt_manager		CODE           	0008	0000	1084

MCAL_layer/Interrupt/mcal_Interrupt_manger.c estimated size: 1084

MCAL_layer/EEPROM/hal_eeprom.c
		_EEPROM_Writedata		CODE           	50FC	0000	70
		_EEPROM_Readdata		CODE           	5186	0000	66

MCAL_layer/EEPROM/hal_eeprom.c estimated size: 136

MCAL_layer/Timer1/Timer1.c
		_TIMER1_ISR    		CODE           	54A4	0000	14

MCAL_layer/Timer1/Timer1.c estimated size: 14

C:\Program Files\Microchip\xc8\v2.41\pic\sources\c99\common\nf_fputc.c
		_fputc         		CODE           	3C00	0000	202

C:\Program Files\Microchip\xc8\v2.41\pic\sources\c99\common\nf_fputc.c estimated size: 202

MCAL_layer/Uart/uart.c
		_EUSART_RX_ISR 		CODE           	44D0	0000	134
		_EUSART_TX_ISR 		CODE           	5358	0000	48
		_EUART_Beudrate_Init		CODE           	24F6	0000	934
		_EUART_ASYNC_Init		CODE           	4C88	0000	110
		_EUART_ASYNC_RX_Init		CODE           	3958	0000	250
		_EUART_ASYNC_TX_Init		CODE           	3B2E	0000	210
		_EUART_ASYNC_Read_value_Non_Blocking		CODE           	52F2	0000	52

MCAL_layer/Uart/uart.c estimated size: 1738

MCAL_layer/Interrupt/mcal_external_Interrupt.c
		_RB4_ISR       		CODE           	4760	0000	130
		_RB5_ISR       		CODE           	46DE	0000	130
		_RB6_ISR       		CODE           	465C	0000	130
		_RB7_ISR       		CODE           	45DA	0000	130
		_Interrupt_RBx_Enable		CODE           	53B4	0000	40
		_Interrupt_RBx_Call_Back		CODE           	363E	0000	270
		_INT0_ISR      		CODE           	54D6	0000	4
		_Interrupt_RBx_Init		CODE           	5024	0000	76
		_INT1_ISR      		CODE           	54D2	0000	4
		_INT2_ISR      		CODE           	54CE	0000	4

MCAL_layer/Interrupt/mcal_external_Interrupt.c estimated size: 918

MCAL_layer/Timer0/Timer0.c
		_Timer0_init   		CODE           	43AE	0000	148
		_Timer0_Deinit 		CODE           	5402	0000	38
		_Timer0_Write_Value		CODE           	4954	0000	120
		_Timer0_Prescaler_select		CODE           	4556	0000	132
		_Timer0_REGISTER_select		CODE           	4D62	0000	106
		_Timer0_Mode_select		CODE           	47E2	0000	128
		_TIMER0_ISR    		CODE           	52BA	0000	56

MCAL_layer/Timer0/Timer0.c estimated size: 728

C:\Program Files\Microchip\xc8\v2.41\pic\sources\c99\common\memset.c
		_memset        		CODE           	2D8E	0000	374

C:\Program Files\Microchip\xc8\v2.41\pic\sources\c99\common\memset.c estimated size: 374

C:\Program Files\Microchip\xc8\v2.41\pic\sources\c99\common\nf_sprintf.c
		_sprintf       		CODE           	4F34	0000	80

C:\Program Files\Microchip\xc8\v2.41\pic\sources\c99\common\nf_sprintf.c estimated size: 80

C:\Program Files\Microchip\xc8\v2.41\pic\sources\c99\common\isdigit.c
		_isdigit       		CODE           	5388	0000	44

C:\Program Files\Microchip\xc8\v2.41\pic\sources\c99\common\isdigit.c estimated size: 44

C:\Program Files\Microchip\xc8\v2.41\pic\sources\c99\common\lwdiv.c
		___lwdiv       		CODE           	4B2E	0000	116

C:\Program Files\Microchip\xc8\v2.41\pic\sources\c99\common\lwdiv.c estimated size: 116

C:\Program Files\Microchip\xc8\v2.41\pic\sources\c99\common\awdiv.c
		___awdiv       		CODE           	3CCA	0000	196

C:\Program Files\Microchip\xc8\v2.41\pic\sources\c99\common\awdiv.c estimated size: 196

ECU_layer/Char_lCD/ecu_chr_lcd.c
		_convert_short_to_string		CODE           	3E50	0000	186
		_lcd_send_4bit 		CODE           	4AB8	0000	118
		_lcd_4bit_send_command		CODE           	4A42	0000	118
		_lcd_4bit_send_string_pos		CODE           	4E2E	0000	90
		_lcd_4bit_send_char		CODE           	49CC	0000	118
		_lcd_4bit_send_enable		CODE           	4FD4	0000	80
		_lcd_4bit_set_cursor		CODE           	3D8E	0000	194
		_lcd_4bit_send_char_pos		CODE           	5070	0000	70
		_convert_byte_to_string		CODE           	4E88	0000	90
		_lcd_4bit_initialize		CODE           	318C	0000	302
		_lcd_4bit_send_string		CODE           	427E	0000	156

ECU_layer/Char_lCD/ecu_chr_lcd.c estimated size: 1522

C:\Program Files\Microchip\xc8\v2.41\pic\sources\c99\common\abs.c
		_abs           		CODE           	51C8	0000	64

C:\Program Files\Microchip\xc8\v2.41\pic\sources\c99\common\abs.c estimated size: 64

C:\Program Files\Microchip\xc8\v2.41\pic\sources\c99\common\doprnt.c
		_vfpfcnvrt     		CODE           	32BA	0000	300
		_pad           		CODE           	4862	0000	122
		_dtoa          		CODE           	2BF8	0000	406
		_vfprintf      		CODE           	4F84	0000	80

C:\Program Files\Microchip\xc8\v2.41\pic\sources\c99\common\doprnt.c estimated size: 908

ECU_layer/ecu_initialize.c
		_ecu_initialize		CODE           	5326	0000	50

ECU_layer/ecu_initialize.c estimated size: 50

C:\Program Files\Microchip\xc8\v2.41\pic\sources\c99\common\atoi.c
		_atoi          		CODE           	2F04	0000	324

C:\Program Files\Microchip\xc8\v2.41\pic\sources\c99\common\atoi.c estimated size: 324

shared
		_btn_values    		MEDIUMCONST    	FDFB	0000	12
		__initialization		CODE           	4442	0000	132
		i2_gpio_pin_write_logic		CODE           	3512	0000	300

shared estimated size: 444

MCAL_layer/SPI/spi.c
		_SPI_Master_Init		CODE           	3FC2	0000	184
		_SPI_ISR       		CODE           	54F0	0000	2
		_SPI_WriteBlocking		CODE           	5282	0000	56

MCAL_layer/SPI/spi.c estimated size: 242

C:\Program Files\Microchip\xc8\v2.41\pic\sources\c99\common\Umul16.c
		___wmul        		CODE           	53DC	0000	38

C:\Program Files\Microchip\xc8\v2.41\pic\sources\c99\common\Umul16.c estimated size: 38

C:\Program Files\Microchip\xc8\v2.41\pic\sources\c99\common\putch.c
		_putch         		CODE           	54EE	0000	2

C:\Program Files\Microchip\xc8\v2.41\pic\sources\c99\common\putch.c estimated size: 2

C:\Program Files\Microchip\xc8\v2.41\pic\sources\c99\common\nf_fputs.c
		_fputs         		CODE           	5142	0000	68

C:\Program Files\Microchip\xc8\v2.41\pic\sources\c99\common\nf_fputs.c estimated size: 68

C:\Program Files\Microchip\xc8\v2.41\pic\sources\c99\common\isspace.c
		_isspace       		CODE           	50B6	0000	70

C:\Program Files\Microchip\xc8\v2.41\pic\sources\c99\common\isspace.c estimated size: 70

MCAL_layer/ADC/hal_ADC.c
		_ADC_Start_Conversion		CODE           	5428	0000	36
		_ADC_Select_Channel		CODE           	5248	0000	58
		_ADC_GetConversion_Blocking		CODE           	4BA2	0000	116
		_ADC_init      		CODE           	3852	0000	262
		_ADC_Read_Result		CODE           	412A	0000	176
		_ADC_configure_Channel		CODE           	3A52	0000	220
		_ADC_ISR       		CODE           	54EA	0000	4

MCAL_layer/ADC/hal_ADC.c estimated size: 872

ECU_layer/seven_segment/ecu_seven_segment.c
		_seven_segment_write_number		CODE           	431A	0000	148
		_initialize_seven_segment		CODE           	4DCC	0000	98

ECU_layer/seven_segment/ecu_seven_segment.c estimated size: 246

application.c
		_application_initialize		CODE           	54B2	0000	10
		_main          		CODE           	0012	0000	7300

application.c estimated size: 7310

MCAL_layer/Mcal_Initialize.c
		_Mcal_initialize		CODE           	4C16	0000	114
		_rbx_int_Low   		CODE           	5480	0000	22
		_rbx_int_High  		CODE           	546A	0000	22
		_timer0_interrubt		CODE           	5208	0000	64

MCAL_layer/Mcal_Initialize.c estimated size: 222

C:\Program Files\Microchip\xc8\v2.41\pic\sources\c99\common\sprcmul.c
		___flmul       		CODE           	20CC	0000	1066

C:\Program Files\Microchip\xc8\v2.41\pic\sources\c99\common\sprcmul.c estimated size: 1066

