Archive member included because of file (symbol)

d:/iti tools/01/01- imt sdk/imt_sdk_win_64/winavr/bin/../lib/gcc/avr/4.3.3/avr5\libgcc.a(_mulsi3.o)
                              ./HAL/Ultra_Sonic/Ultra_Sonic.o (__mulsi3)
d:/iti tools/01/01- imt sdk/imt_sdk_win_64/winavr/bin/../lib/gcc/avr/4.3.3/avr5\libgcc.a(_udivmodsi4.o)
                              ./HAL/Ultra_Sonic/Ultra_Sonic.o (__udivmodsi4)
d:/iti tools/01/01- imt sdk/imt_sdk_win_64/winavr/bin/../lib/gcc/avr/4.3.3/avr5\libgcc.a(_exit.o)
                              d:/iti tools/01/01- imt sdk/imt_sdk_win_64/winavr/bin/../lib/gcc/avr/4.3.3/../../../../avr/lib/avr5/crtm32.o (exit)
d:/iti tools/01/01- imt sdk/imt_sdk_win_64/winavr/bin/../lib/gcc/avr/4.3.3/avr5\libgcc.a(_copy_data.o)
                              ./HAL/LCD/LCD.o (__do_copy_data)
d:/iti tools/01/01- imt sdk/imt_sdk_win_64/winavr/bin/../lib/gcc/avr/4.3.3/avr5\libgcc.a(_clear_bss.o)
                              ./MCAL/Timers/Timer1/TIMER1.o (__do_clear_bss)
d:/iti tools/01/01- imt sdk/imt_sdk_win_64/winavr/bin/../lib/gcc/avr/4.3.3/avr5\libgcc.a(_fixunssfsi.o)
                              ./HAL/Ultra_Sonic/Ultra_Sonic.o (__fixunssfsi)
d:/iti tools/01/01- imt sdk/imt_sdk_win_64/winavr/bin/../lib/gcc/avr/4.3.3/avr5\libgcc.a(_addsub_sf.o)
                              d:/iti tools/01/01- imt sdk/imt_sdk_win_64/winavr/bin/../lib/gcc/avr/4.3.3/avr5\libgcc.a(_fixunssfsi.o) (__subsf3)
d:/iti tools/01/01- imt sdk/imt_sdk_win_64/winavr/bin/../lib/gcc/avr/4.3.3/avr5\libgcc.a(_mul_sf.o)
                              ./HAL/Ultra_Sonic/Ultra_Sonic.o (__mulsf3)
d:/iti tools/01/01- imt sdk/imt_sdk_win_64/winavr/bin/../lib/gcc/avr/4.3.3/avr5\libgcc.a(_div_sf.o)
                              ./HAL/Ultra_Sonic/Ultra_Sonic.o (__divsf3)
d:/iti tools/01/01- imt sdk/imt_sdk_win_64/winavr/bin/../lib/gcc/avr/4.3.3/avr5\libgcc.a(_gt_sf.o)
                              ./HAL/Ultra_Sonic/Ultra_Sonic.o (__gtsf2)
d:/iti tools/01/01- imt sdk/imt_sdk_win_64/winavr/bin/../lib/gcc/avr/4.3.3/avr5\libgcc.a(_ge_sf.o)
                              d:/iti tools/01/01- imt sdk/imt_sdk_win_64/winavr/bin/../lib/gcc/avr/4.3.3/avr5\libgcc.a(_fixunssfsi.o) (__gesf2)
d:/iti tools/01/01- imt sdk/imt_sdk_win_64/winavr/bin/../lib/gcc/avr/4.3.3/avr5\libgcc.a(_lt_sf.o)
                              ./HAL/Ultra_Sonic/Ultra_Sonic.o (__ltsf2)
d:/iti tools/01/01- imt sdk/imt_sdk_win_64/winavr/bin/../lib/gcc/avr/4.3.3/avr5\libgcc.a(_sf_to_si.o)
                              d:/iti tools/01/01- imt sdk/imt_sdk_win_64/winavr/bin/../lib/gcc/avr/4.3.3/avr5\libgcc.a(_fixunssfsi.o) (__fixsfsi)
d:/iti tools/01/01- imt sdk/imt_sdk_win_64/winavr/bin/../lib/gcc/avr/4.3.3/avr5\libgcc.a(_thenan_sf.o)
                              d:/iti tools/01/01- imt sdk/imt_sdk_win_64/winavr/bin/../lib/gcc/avr/4.3.3/avr5\libgcc.a(_addsub_sf.o) (__thenan_sf)
d:/iti tools/01/01- imt sdk/imt_sdk_win_64/winavr/bin/../lib/gcc/avr/4.3.3/avr5\libgcc.a(_prologue.o)
                              d:/iti tools/01/01- imt sdk/imt_sdk_win_64/winavr/bin/../lib/gcc/avr/4.3.3/avr5\libgcc.a(_addsub_sf.o) (__prologue_saves__)
d:/iti tools/01/01- imt sdk/imt_sdk_win_64/winavr/bin/../lib/gcc/avr/4.3.3/avr5\libgcc.a(_epilogue.o)
                              d:/iti tools/01/01- imt sdk/imt_sdk_win_64/winavr/bin/../lib/gcc/avr/4.3.3/avr5\libgcc.a(_addsub_sf.o) (__epilogue_restores__)
d:/iti tools/01/01- imt sdk/imt_sdk_win_64/winavr/bin/../lib/gcc/avr/4.3.3/avr5\libgcc.a(_pack_sf.o)
                              d:/iti tools/01/01- imt sdk/imt_sdk_win_64/winavr/bin/../lib/gcc/avr/4.3.3/avr5\libgcc.a(_addsub_sf.o) (__pack_f)
d:/iti tools/01/01- imt sdk/imt_sdk_win_64/winavr/bin/../lib/gcc/avr/4.3.3/avr5\libgcc.a(_unpack_sf.o)
                              d:/iti tools/01/01- imt sdk/imt_sdk_win_64/winavr/bin/../lib/gcc/avr/4.3.3/avr5\libgcc.a(_addsub_sf.o) (__unpack_f)
d:/iti tools/01/01- imt sdk/imt_sdk_win_64/winavr/bin/../lib/gcc/avr/4.3.3/avr5\libgcc.a(_fpcmp_parts_sf.o)
                              d:/iti tools/01/01- imt sdk/imt_sdk_win_64/winavr/bin/../lib/gcc/avr/4.3.3/avr5\libgcc.a(_gt_sf.o) (__fpcmp_parts_f)
d:/iti tools/01/01- imt sdk/imt_sdk_win_64/winavr/bin/../lib/gcc/avr/4.3.3/../../../../avr/lib/avr5\libc.a(sprintf.o)
                              ./HAL/LCD/LCD.o (sprintf)
d:/iti tools/01/01- imt sdk/imt_sdk_win_64/winavr/bin/../lib/gcc/avr/4.3.3/../../../../avr/lib/avr5\libc.a(vfprintf_std.o)
                              d:/iti tools/01/01- imt sdk/imt_sdk_win_64/winavr/bin/../lib/gcc/avr/4.3.3/../../../../avr/lib/avr5\libc.a(sprintf.o) (vfprintf)
d:/iti tools/01/01- imt sdk/imt_sdk_win_64/winavr/bin/../lib/gcc/avr/4.3.3/../../../../avr/lib/avr5\libc.a(strnlen_P.o)
                              d:/iti tools/01/01- imt sdk/imt_sdk_win_64/winavr/bin/../lib/gcc/avr/4.3.3/../../../../avr/lib/avr5\libc.a(vfprintf_std.o) (strnlen_P)
d:/iti tools/01/01- imt sdk/imt_sdk_win_64/winavr/bin/../lib/gcc/avr/4.3.3/../../../../avr/lib/avr5\libc.a(strnlen.o)
                              d:/iti tools/01/01- imt sdk/imt_sdk_win_64/winavr/bin/../lib/gcc/avr/4.3.3/../../../../avr/lib/avr5\libc.a(vfprintf_std.o) (strnlen)
d:/iti tools/01/01- imt sdk/imt_sdk_win_64/winavr/bin/../lib/gcc/avr/4.3.3/../../../../avr/lib/avr5\libc.a(fputc.o)
                              d:/iti tools/01/01- imt sdk/imt_sdk_win_64/winavr/bin/../lib/gcc/avr/4.3.3/../../../../avr/lib/avr5\libc.a(vfprintf_std.o) (fputc)
d:/iti tools/01/01- imt sdk/imt_sdk_win_64/winavr/bin/../lib/gcc/avr/4.3.3/../../../../avr/lib/avr5\libc.a(ultoa_invert.o)
                              d:/iti tools/01/01- imt sdk/imt_sdk_win_64/winavr/bin/../lib/gcc/avr/4.3.3/../../../../avr/lib/avr5\libc.a(vfprintf_std.o) (__ultoa_invert)

Memory Configuration

Name             Origin             Length             Attributes
text             0x00000000         0x00020000         xr
data             0x00800060         0x0000ffa0         rw !x
eeprom           0x00810000         0x00010000         rw !x
fuse             0x00820000         0x00000400         rw !x
lock             0x00830000         0x00000400         rw !x
signature        0x00840000         0x00000400         rw !x
*default*        0x00000000         0xffffffff

Linker script and memory map

LOAD d:/iti tools/01/01- imt sdk/imt_sdk_win_64/winavr/bin/../lib/gcc/avr/4.3.3/../../../../avr/lib/avr5/crtm32.o
LOAD ./MCAL/Timers/Timer1/TIMER1.o
LOAD ./MCAL/SPI/SPI.o
LOAD ./MCAL/Interrupt/INT.o
LOAD ./MCAL/I2C/I2C.o
LOAD ./MCAL/DIO/DIO.o
LOAD ./MCAL/ADC/ADC.o
LOAD ./HAL/Ultra_Sonic/Ultra_Sonic.o
LOAD ./HAL/LCD/LCD.o
LOAD ./HAL/KEYPAD/KEYPAD.o
LOAD ./HAL/EEPROM/EEPROM.o
LOAD ./HAL/DC_Motor/DC_Motor.o
LOAD ./Slave_Main.o
LOAD d:/iti tools/01/01- imt sdk/imt_sdk_win_64/winavr/bin/../lib/gcc/avr/4.3.3/avr5\libgcc.a
LOAD d:/iti tools/01/01- imt sdk/imt_sdk_win_64/winavr/bin/../lib/gcc/avr/4.3.3/../../../../avr/lib/avr5\libc.a
LOAD d:/iti tools/01/01- imt sdk/imt_sdk_win_64/winavr/bin/../lib/gcc/avr/4.3.3/avr5\libgcc.a

.hash
 *(.hash)

.dynsym
 *(.dynsym)

.dynstr
 *(.dynstr)

.gnu.version
 *(.gnu.version)

.gnu.version_d
 *(.gnu.version_d)

.gnu.version_r
 *(.gnu.version_r)

.rel.init
 *(.rel.init)

.rela.init
 *(.rela.init)

.rel.text
 *(.rel.text)
 *(.rel.text.*)
 *(.rel.gnu.linkonce.t*)

.rela.text
 *(.rela.text)
 *(.rela.text.*)
 *(.rela.gnu.linkonce.t*)

.rel.fini
 *(.rel.fini)

.rela.fini
 *(.rela.fini)

.rel.rodata
 *(.rel.rodata)
 *(.rel.rodata.*)
 *(.rel.gnu.linkonce.r*)

.rela.rodata
 *(.rela.rodata)
 *(.rela.rodata.*)
 *(.rela.gnu.linkonce.r*)

.rel.data
 *(.rel.data)
 *(.rel.data.*)
 *(.rel.gnu.linkonce.d*)

.rela.data
 *(.rela.data)
 *(.rela.data.*)
 *(.rela.gnu.linkonce.d*)

.rel.ctors
 *(.rel.ctors)

.rela.ctors
 *(.rela.ctors)

.rel.dtors
 *(.rel.dtors)

.rela.dtors
 *(.rela.dtors)

.rel.got
 *(.rel.got)

.rela.got
 *(.rela.got)

.rel.bss
 *(.rel.bss)

.rela.bss
 *(.rela.bss)

.rel.plt
 *(.rel.plt)

.rela.plt
 *(.rela.plt)

.text           0x00000000     0x4ac6
 *(.vectors)
 .vectors       0x00000000       0x54 d:/iti tools/01/01- imt sdk/imt_sdk_win_64/winavr/bin/../lib/gcc/avr/4.3.3/../../../../avr/lib/avr5/crtm32.o
                0x00000000                __vectors
                0x00000000                __vector_default
 *(.vectors)
 *(.progmem.gcc*)
 *(.progmem*)
                0x00000054                . = ALIGN (0x2)
                0x00000054                __trampolines_start = .
 *(.trampolines)
 .trampolines   0x00000054        0x0 linker stubs
 *(.trampolines*)
                0x00000054                __trampolines_end = .
 *(.jumptables)
 *(.jumptables*)
 *(.lowtext)
 *(.lowtext*)
                0x00000054                __ctors_start = .
 *(.ctors)
                0x00000054                __ctors_end = .
                0x00000054                __dtors_start = .
 *(.dtors)
                0x00000054                __dtors_end = .
 SORT(*)(.ctors)
 SORT(*)(.dtors)
 *(.init0)
 .init0         0x00000054        0x0 d:/iti tools/01/01- imt sdk/imt_sdk_win_64/winavr/bin/../lib/gcc/avr/4.3.3/../../../../avr/lib/avr5/crtm32.o
                0x00000054                __init
 *(.init0)
 *(.init1)
 *(.init1)
 *(.init2)
 .init2         0x00000054        0xc d:/iti tools/01/01- imt sdk/imt_sdk_win_64/winavr/bin/../lib/gcc/avr/4.3.3/../../../../avr/lib/avr5/crtm32.o
 *(.init2)
 *(.init3)
 *(.init3)
 *(.init4)
 .init4         0x00000060       0x16 d:/iti tools/01/01- imt sdk/imt_sdk_win_64/winavr/bin/../lib/gcc/avr/4.3.3/avr5\libgcc.a(_copy_data.o)
                0x00000060                __do_copy_data
 .init4         0x00000076       0x10 d:/iti tools/01/01- imt sdk/imt_sdk_win_64/winavr/bin/../lib/gcc/avr/4.3.3/avr5\libgcc.a(_clear_bss.o)
                0x00000076                __do_clear_bss
 *(.init4)
 *(.init5)
 *(.init5)
 *(.init6)
 *(.init6)
 *(.init7)
 *(.init7)
 *(.init8)
 *(.init8)
 *(.init9)
 .init9         0x00000086        0x8 d:/iti tools/01/01- imt sdk/imt_sdk_win_64/winavr/bin/../lib/gcc/avr/4.3.3/../../../../avr/lib/avr5/crtm32.o
 *(.init9)
 *(.text)
 .text          0x0000008e        0x4 d:/iti tools/01/01- imt sdk/imt_sdk_win_64/winavr/bin/../lib/gcc/avr/4.3.3/../../../../avr/lib/avr5/crtm32.o
                0x0000008e                __vector_12
                0x0000008e                __bad_interrupt
                0x0000008e                __vector_11
                0x0000008e                __vector_13
                0x0000008e                __vector_17
                0x0000008e                __vector_19
                0x0000008e                __vector_5
                0x0000008e                __vector_4
                0x0000008e                __vector_15
                0x0000008e                __vector_14
                0x0000008e                __vector_10
                0x0000008e                __vector_16
                0x0000008e                __vector_18
                0x0000008e                __vector_20
 .text          0x00000092        0x0 ./MCAL/Timers/Timer1/TIMER1.o
 .text          0x00000092        0x0 ./MCAL/SPI/SPI.o
 .text          0x00000092        0x0 ./MCAL/Interrupt/INT.o
 .text          0x00000092        0x0 ./MCAL/I2C/I2C.o
 .text          0x00000092        0x0 ./MCAL/DIO/DIO.o
 .text          0x00000092        0x0 ./MCAL/ADC/ADC.o
 .text          0x00000092        0x0 ./HAL/Ultra_Sonic/Ultra_Sonic.o
 .text          0x00000092        0x0 ./HAL/LCD/LCD.o
 .text          0x00000092        0x0 ./HAL/KEYPAD/KEYPAD.o
 .text          0x00000092        0x0 ./HAL/EEPROM/EEPROM.o
 .text          0x00000092        0x0 ./HAL/DC_Motor/DC_Motor.o
 .text          0x00000092        0x0 ./Slave_Main.o
 .text          0x00000092        0x0 d:/iti tools/01/01- imt sdk/imt_sdk_win_64/winavr/bin/../lib/gcc/avr/4.3.3/avr5\libgcc.a(_mulsi3.o)
 .text          0x00000092        0x0 d:/iti tools/01/01- imt sdk/imt_sdk_win_64/winavr/bin/../lib/gcc/avr/4.3.3/avr5\libgcc.a(_udivmodsi4.o)
 .text          0x00000092        0x0 d:/iti tools/01/01- imt sdk/imt_sdk_win_64/winavr/bin/../lib/gcc/avr/4.3.3/avr5\libgcc.a(_exit.o)
 .text          0x00000092        0x0 d:/iti tools/01/01- imt sdk/imt_sdk_win_64/winavr/bin/../lib/gcc/avr/4.3.3/avr5\libgcc.a(_copy_data.o)
 .text          0x00000092        0x0 d:/iti tools/01/01- imt sdk/imt_sdk_win_64/winavr/bin/../lib/gcc/avr/4.3.3/avr5\libgcc.a(_clear_bss.o)
 .text          0x00000092       0x58 d:/iti tools/01/01- imt sdk/imt_sdk_win_64/winavr/bin/../lib/gcc/avr/4.3.3/avr5\libgcc.a(_fixunssfsi.o)
                0x00000092                __fixunssfsi
 .text          0x000000ea      0x354 d:/iti tools/01/01- imt sdk/imt_sdk_win_64/winavr/bin/../lib/gcc/avr/4.3.3/avr5\libgcc.a(_addsub_sf.o)
                0x00000382                __subsf3
                0x000003e4                __addsf3
 .text          0x0000043e      0x1f4 d:/iti tools/01/01- imt sdk/imt_sdk_win_64/winavr/bin/../lib/gcc/avr/4.3.3/avr5\libgcc.a(_mul_sf.o)
                0x0000043e                __mulsf3
 .text          0x00000632      0x158 d:/iti tools/01/01- imt sdk/imt_sdk_win_64/winavr/bin/../lib/gcc/avr/4.3.3/avr5\libgcc.a(_div_sf.o)
                0x00000632                __divsf3
 .text          0x0000078a       0x60 d:/iti tools/01/01- imt sdk/imt_sdk_win_64/winavr/bin/../lib/gcc/avr/4.3.3/avr5\libgcc.a(_gt_sf.o)
                0x0000078a                __gtsf2
 .text          0x000007ea       0x60 d:/iti tools/01/01- imt sdk/imt_sdk_win_64/winavr/bin/../lib/gcc/avr/4.3.3/avr5\libgcc.a(_ge_sf.o)
                0x000007ea                __gesf2
 .text          0x0000084a       0x60 d:/iti tools/01/01- imt sdk/imt_sdk_win_64/winavr/bin/../lib/gcc/avr/4.3.3/avr5\libgcc.a(_lt_sf.o)
                0x0000084a                __ltsf2
 .text          0x000008aa       0xa8 d:/iti tools/01/01- imt sdk/imt_sdk_win_64/winavr/bin/../lib/gcc/avr/4.3.3/avr5\libgcc.a(_sf_to_si.o)
                0x000008aa                __fixsfsi
 .text          0x00000952        0x0 d:/iti tools/01/01- imt sdk/imt_sdk_win_64/winavr/bin/../lib/gcc/avr/4.3.3/avr5\libgcc.a(_thenan_sf.o)
 .text          0x00000952        0x0 d:/iti tools/01/01- imt sdk/imt_sdk_win_64/winavr/bin/../lib/gcc/avr/4.3.3/avr5\libgcc.a(_prologue.o)
 .text          0x00000952        0x0 d:/iti tools/01/01- imt sdk/imt_sdk_win_64/winavr/bin/../lib/gcc/avr/4.3.3/avr5\libgcc.a(_epilogue.o)
 .text          0x00000952      0x1aa d:/iti tools/01/01- imt sdk/imt_sdk_win_64/winavr/bin/../lib/gcc/avr/4.3.3/avr5\libgcc.a(_pack_sf.o)
                0x00000952                __pack_f
 .text          0x00000afc       0xf0 d:/iti tools/01/01- imt sdk/imt_sdk_win_64/winavr/bin/../lib/gcc/avr/4.3.3/avr5\libgcc.a(_unpack_sf.o)
                0x00000afc                __unpack_f
 .text          0x00000bec       0xb2 d:/iti tools/01/01- imt sdk/imt_sdk_win_64/winavr/bin/../lib/gcc/avr/4.3.3/avr5\libgcc.a(_fpcmp_parts_sf.o)
                0x00000bec                __fpcmp_parts_f
 .text          0x00000c9e        0x0 d:/iti tools/01/01- imt sdk/imt_sdk_win_64/winavr/bin/../lib/gcc/avr/4.3.3/../../../../avr/lib/avr5\libc.a(sprintf.o)
 .text          0x00000c9e        0x0 d:/iti tools/01/01- imt sdk/imt_sdk_win_64/winavr/bin/../lib/gcc/avr/4.3.3/../../../../avr/lib/avr5\libc.a(vfprintf_std.o)
 .text          0x00000c9e        0x0 d:/iti tools/01/01- imt sdk/imt_sdk_win_64/winavr/bin/../lib/gcc/avr/4.3.3/../../../../avr/lib/avr5\libc.a(strnlen_P.o)
 .text          0x00000c9e        0x0 d:/iti tools/01/01- imt sdk/imt_sdk_win_64/winavr/bin/../lib/gcc/avr/4.3.3/../../../../avr/lib/avr5\libc.a(strnlen.o)
 .text          0x00000c9e        0x0 d:/iti tools/01/01- imt sdk/imt_sdk_win_64/winavr/bin/../lib/gcc/avr/4.3.3/../../../../avr/lib/avr5\libc.a(fputc.o)
 .text          0x00000c9e        0x0 d:/iti tools/01/01- imt sdk/imt_sdk_win_64/winavr/bin/../lib/gcc/avr/4.3.3/../../../../avr/lib/avr5\libc.a(ultoa_invert.o)
                0x00000c9e                . = ALIGN (0x2)
 *(.text.*)
 .text.Timer1_voidInit
                0x00000c9e      0x1ee ./MCAL/Timers/Timer1/TIMER1.o
                0x00000c9e                Timer1_voidInit
 .text.Timer1_voidSetPreloadValue
                0x00000e8c       0x24 ./MCAL/Timers/Timer1/TIMER1.o
                0x00000e8c                Timer1_voidSetPreloadValue
 .text.Timer1_voidReadValue
                0x00000eb0       0x16 ./MCAL/Timers/Timer1/TIMER1.o
                0x00000eb0                Timer1_voidReadValue
 .text.Timer1_voidSetOCR1AValue
                0x00000ec6       0x24 ./MCAL/Timers/Timer1/TIMER1.o
                0x00000ec6                Timer1_voidSetOCR1AValue
 .text.Timer1_voidSetOCR1BValue
                0x00000eea       0x24 ./MCAL/Timers/Timer1/TIMER1.o
                0x00000eea                Timer1_voidSetOCR1BValue
 .text.Timer1_voidOVFInterruptEnable
                0x00000f0e       0x1c ./MCAL/Timers/Timer1/TIMER1.o
                0x00000f0e                Timer1_voidOVFInterruptEnable
 .text.Timer1_voidOVFInterruptDisable
                0x00000f2a       0x1c ./MCAL/Timers/Timer1/TIMER1.o
                0x00000f2a                Timer1_voidOVFInterruptDisable
 .text.Timer1_voidOC1AInterruptEnable
                0x00000f46       0x1c ./MCAL/Timers/Timer1/TIMER1.o
                0x00000f46                Timer1_voidOC1AInterruptEnable
 .text.Timer1_voidOC1AInterruptDisable
                0x00000f62       0x1c ./MCAL/Timers/Timer1/TIMER1.o
                0x00000f62                Timer1_voidOC1AInterruptDisable
 .text.Timer1_voidOC1BInterruptEnable
                0x00000f7e       0x1c ./MCAL/Timers/Timer1/TIMER1.o
                0x00000f7e                Timer1_voidOC1BInterruptEnable
 .text.Timer1_voidOC1BInterruptDisable
                0x00000f9a       0x1c ./MCAL/Timers/Timer1/TIMER1.o
                0x00000f9a                Timer1_voidOC1BInterruptDisable
 .text.Timer1_voidOVFSetCallBack
                0x00000fb6       0x24 ./MCAL/Timers/Timer1/TIMER1.o
                0x00000fb6                Timer1_voidOVFSetCallBack
 .text.Timer1_voidOC1ASetCallBack
                0x00000fda       0x24 ./MCAL/Timers/Timer1/TIMER1.o
                0x00000fda                Timer1_voidOC1ASetCallBack
 .text.Timer1_voidOC1BSetCallBack
                0x00000ffe       0x24 ./MCAL/Timers/Timer1/TIMER1.o
                0x00000ffe                Timer1_voidOC1BSetCallBack
 .text.Timer1_voidICUSetCallBack
                0x00001022       0x24 ./MCAL/Timers/Timer1/TIMER1.o
                0x00001022                Timer1_voidICUSetCallBack
 .text.Timer1_voidICUSetTriggerEdge
                0x00001046       0x56 ./MCAL/Timers/Timer1/TIMER1.o
                0x00001046                Timer1_voidICUSetTriggerEdge
 .text.Timer1_voidSetICR1Value
                0x0000109c       0x24 ./MCAL/Timers/Timer1/TIMER1.o
                0x0000109c                Timer1_voidSetICR1Value
 .text.Timer1_u16ReadICR1Value
                0x000010c0       0x16 ./MCAL/Timers/Timer1/TIMER1.o
                0x000010c0                Timer1_u16ReadICR1Value
 .text.Timer1_voidICUInterruptEnable
                0x000010d6       0x1c ./MCAL/Timers/Timer1/TIMER1.o
                0x000010d6                Timer1_voidICUInterruptEnable
 .text.Timer1_voidICUInterruptDisable
                0x000010f2       0x1c ./MCAL/Timers/Timer1/TIMER1.o
                0x000010f2                Timer1_voidICUInterruptDisable
 .text.__vector_9
                0x0000110e       0x66 ./MCAL/Timers/Timer1/TIMER1.o
                0x0000110e                __vector_9
 .text.__vector_7
                0x00001174       0x66 ./MCAL/Timers/Timer1/TIMER1.o
                0x00001174                __vector_7
 .text.__vector_8
                0x000011da       0x66 ./MCAL/Timers/Timer1/TIMER1.o
                0x000011da                __vector_8
 .text.__vector_6
                0x00001240       0x66 ./MCAL/Timers/Timer1/TIMER1.o
                0x00001240                __vector_6
 .text.SPI_voidInit
                0x000012a6       0x88 ./MCAL/SPI/SPI.o
                0x000012a6                SPI_voidInit
 .text.SPI_u8Tranceive
                0x0000132e       0x2c ./MCAL/SPI/SPI.o
                0x0000132e                SPI_u8Tranceive
 .text.INT_voidEnable
                0x0000135a      0x22a ./MCAL/Interrupt/INT.o
                0x0000135a                INT_voidEnable
 .text.INT_voidDisable
                0x00001584       0x6e ./MCAL/Interrupt/INT.o
                0x00001584                INT_voidDisable
 .text.INT_voidSetCallBack
                0x000015f2       0x36 ./MCAL/Interrupt/INT.o
                0x000015f2                INT_voidSetCallBack
 .text.__vector_1
                0x00001628       0x5a ./MCAL/Interrupt/INT.o
                0x00001628                __vector_1
 .text.__vector_2
                0x00001682       0x5a ./MCAL/Interrupt/INT.o
                0x00001682                __vector_2
 .text.__vector_3
                0x000016dc       0x5a ./MCAL/Interrupt/INT.o
                0x000016dc                __vector_3
 .text.I2C_voidMasterInit
                0x00001736       0x4e ./MCAL/I2C/I2C.o
                0x00001736                I2C_voidMasterInit
 .text.I2C_voidSlaveInit
                0x00001784       0x3a ./MCAL/I2C/I2C.o
                0x00001784                I2C_voidSlaveInit
 .text.I2C_voidStartCondition
                0x000017be       0x34 ./MCAL/I2C/I2C.o
                0x000017be                I2C_voidStartCondition
 .text.I2C_voidStopCondition
                0x000017f2       0x2a ./MCAL/I2C/I2C.o
                0x000017f2                I2C_voidStopCondition
 .text.I2C_voidMasterSendAddressWrite
                0x0000181c       0x52 ./MCAL/I2C/I2C.o
                0x0000181c                I2C_voidMasterSendAddressWrite
 .text.I2C_voidMasterSendAddressRead
                0x0000186e       0x52 ./MCAL/I2C/I2C.o
                0x0000186e                I2C_voidMasterSendAddressRead
 .text.I2C_voidMasterSendData
                0x000018c0       0x34 ./MCAL/I2C/I2C.o
                0x000018c0                I2C_voidMasterSendData
 .text.I2C_u8MasterReadData
                0x000018f4       0x2c ./MCAL/I2C/I2C.o
                0x000018f4                I2C_u8MasterReadData
 .text.I2C_u8SlaveReadData
                0x00001920       0x4a ./MCAL/I2C/I2C.o
                0x00001920                I2C_u8SlaveReadData
 .text.DIO_voidSetPinDirection
                0x0000196a      0x200 ./MCAL/DIO/DIO.o
                0x0000196a                DIO_voidSetPinDirection
 .text.DIO_voidSetPinvalue
                0x00001b6a      0x200 ./MCAL/DIO/DIO.o
                0x00001b6a                DIO_voidSetPinvalue
 .text.DIO_u8GetPinValue
                0x00001d6a       0xf4 ./MCAL/DIO/DIO.o
                0x00001d6a                DIO_u8GetPinValue
 .text.DIO_voidTogglePinValue
                0x00001e5e       0xfa ./MCAL/DIO/DIO.o
                0x00001e5e                DIO_voidTogglePinValue
 .text.DIO_voidSetPortDirection
                0x00001f58       0x82 ./MCAL/DIO/DIO.o
                0x00001f58                DIO_voidSetPortDirection
 .text.DIO_voidSetPortvalue
                0x00001fda       0x82 ./MCAL/DIO/DIO.o
                0x00001fda                DIO_voidSetPortvalue
 .text.DIO_u8GetPortValue
                0x0000205c       0x84 ./MCAL/DIO/DIO.o
                0x0000205c                DIO_u8GetPortValue
 .text.ADC_voidInit
                0x000020e0       0x7e ./MCAL/ADC/ADC.o
                0x000020e0                ADC_voidInit
 .text.ADC_u16GetDigitalValue
                0x0000215e       0x6c ./MCAL/ADC/ADC.o
                0x0000215e                ADC_u16GetDigitalValue
 .text.icu_callBack
                0x000021ca       0x6e ./HAL/Ultra_Sonic/Ultra_Sonic.o
 .text.UltraSonic_voidInit
                0x00002238       0x34 ./HAL/Ultra_Sonic/Ultra_Sonic.o
                0x00002238                UltraSonic_voidInit
 .text.UltraSonic_u16ReadValue
                0x0000226c      0x2f4 ./HAL/Ultra_Sonic/Ultra_Sonic.o
                0x0000226c                UltraSonic_u16ReadValue
 .text.LCD_voidSendCommand
                0x00002560       0x34 ./HAL/LCD/LCD.o
                0x00002560                LCD_voidSendCommand
 .text.LCD_voidSendData
                0x00002594       0x34 ./HAL/LCD/LCD.o
                0x00002594                LCD_voidSendData
 .text.LCD_voidSendDataPos
                0x000025c8       0x2c ./HAL/LCD/LCD.o
                0x000025c8                LCD_voidSendDataPos
 .text.LCD_8BitvoidInit
                0x000025f4      0x5a6 ./HAL/LCD/LCD.o
                0x000025f4                LCD_8BitvoidInit
 .text.LCD_voidSendString
                0x00002b9a       0x52 ./HAL/LCD/LCD.o
                0x00002b9a                LCD_voidSendString
 .text.LCD_voidSendStringPos
                0x00002bec       0x64 ./HAL/LCD/LCD.o
                0x00002bec                LCD_voidSendStringPos
 .text.LCD_voidSendNumberPos
                0x00002c50       0x82 ./HAL/LCD/LCD.o
                0x00002c50                LCD_voidSendNumberPos
 .text.LCD_voidDrawCustomeCharPos
                0x00002cd2      0x1f4 ./HAL/LCD/LCD.o
                0x00002cd2                LCD_voidDrawCustomeCharPos
 .text.LCD_4BitvoidInit
                0x00002ec6      0x3e6 ./HAL/LCD/LCD.o
                0x00002ec6                LCD_4BitvoidInit
 .text.LCD_4Bit_voidSendCommand
                0x000032ac       0x40 ./HAL/LCD/LCD.o
                0x000032ac                LCD_4Bit_voidSendCommand
 .text.LCD_4Bit_voidSendData
                0x000032ec       0x40 ./HAL/LCD/LCD.o
                0x000032ec                LCD_4Bit_voidSendData
 .text.LCD_4Bit_voidSendDataPos
                0x0000332c       0x2c ./HAL/LCD/LCD.o
                0x0000332c                LCD_4Bit_voidSendDataPos
 .text.LCD_4Bit_voidSendString
                0x00003358       0x52 ./HAL/LCD/LCD.o
                0x00003358                LCD_4Bit_voidSendString
 .text.LCD_4Bit_voidSendStringPos
                0x000033aa       0x64 ./HAL/LCD/LCD.o
                0x000033aa                LCD_4Bit_voidSendStringPos
 .text.LCD_4Bit_voidSendNumberPos
                0x0000340e       0x82 ./HAL/LCD/LCD.o
                0x0000340e                LCD_4Bit_voidSendNumberPos
 .text.LCD_4Bit_voidDrawCustomeCharPos
                0x00003490      0x1f4 ./HAL/LCD/LCD.o
                0x00003490                LCD_4Bit_voidDrawCustomeCharPos
 .text.LCD_voidSend4Bit
                0x00003684       0x60 ./HAL/LCD/LCD.o
 .text.LCD_voidSendEnable
                0x000036e4      0x11e ./HAL/LCD/LCD.o
 .text.LCD_voidSetCursor
                0x00003802       0x8a ./HAL/LCD/LCD.o
 .text.LCD_4Bit_voidSetCursor
                0x0000388c       0x56 ./HAL/LCD/LCD.o
 .text.KPD_voidInit
                0x000038e2       0x1e ./HAL/KEYPAD/KEYPAD.o
                0x000038e2                KPD_voidInit
 .text.KPD_u8GetPressKey
                0x00003900      0x1f6 ./HAL/KEYPAD/KEYPAD.o
                0x00003900                KPD_u8GetPressKey
 .text.EEPROM_voidWriteData
                0x00003af6      0x132 ./HAL/EEPROM/EEPROM.o
                0x00003af6                EEPROM_voidWriteData
 .text.EEPROM_voidReadData
                0x00003c28       0x54 ./HAL/EEPROM/EEPROM.o
                0x00003c28                EEPROM_voidReadData
 .text.DC_Motor_voidInit
                0x00003c7c       0x36 ./HAL/DC_Motor/DC_Motor.o
                0x00003c7c                DC_Motor_voidInit
 .text.DC_Motor_voidMoveRight
                0x00003cb2       0x22 ./HAL/DC_Motor/DC_Motor.o
                0x00003cb2                DC_Motor_voidMoveRight
 .text.DC_Motor_voidMoveLeft
                0x00003cd4       0x22 ./HAL/DC_Motor/DC_Motor.o
                0x00003cd4                DC_Motor_voidMoveLeft
 .text.DC_Motor_voidStop
                0x00003cf6       0x22 ./HAL/DC_Motor/DC_Motor.o
                0x00003cf6                DC_Motor_voidStop
 .text.main     0x00003d18      0x778 ./Slave_Main.o
                0x00003d18                main
 .text.libgcc   0x00004490       0x3e d:/iti tools/01/01- imt sdk/imt_sdk_win_64/winavr/bin/../lib/gcc/avr/4.3.3/avr5\libgcc.a(_mulsi3.o)
                0x00004490                __mulsi3
 .text.libgcc   0x000044ce       0x44 d:/iti tools/01/01- imt sdk/imt_sdk_win_64/winavr/bin/../lib/gcc/avr/4.3.3/avr5\libgcc.a(_udivmodsi4.o)
                0x000044ce                __udivmodsi4
 .text.libgcc   0x00004512        0x0 d:/iti tools/01/01- imt sdk/imt_sdk_win_64/winavr/bin/../lib/gcc/avr/4.3.3/avr5\libgcc.a(_exit.o)
 .text.libgcc   0x00004512        0x0 d:/iti tools/01/01- imt sdk/imt_sdk_win_64/winavr/bin/../lib/gcc/avr/4.3.3/avr5\libgcc.a(_copy_data.o)
 .text.libgcc   0x00004512        0x0 d:/iti tools/01/01- imt sdk/imt_sdk_win_64/winavr/bin/../lib/gcc/avr/4.3.3/avr5\libgcc.a(_clear_bss.o)
 .text.libgcc   0x00004512       0x38 d:/iti tools/01/01- imt sdk/imt_sdk_win_64/winavr/bin/../lib/gcc/avr/4.3.3/avr5\libgcc.a(_prologue.o)
                0x00004512                __prologue_saves__
 .text.libgcc   0x0000454a       0x36 d:/iti tools/01/01- imt sdk/imt_sdk_win_64/winavr/bin/../lib/gcc/avr/4.3.3/avr5\libgcc.a(_epilogue.o)
                0x0000454a                __epilogue_restores__
 .text.avr-libc
                0x00004580       0x48 d:/iti tools/01/01- imt sdk/imt_sdk_win_64/winavr/bin/../lib/gcc/avr/4.3.3/../../../../avr/lib/avr5\libc.a(sprintf.o)
                0x00004580                sprintf
 .text.avr-libc
                0x000045c8      0x3ba d:/iti tools/01/01- imt sdk/imt_sdk_win_64/winavr/bin/../lib/gcc/avr/4.3.3/../../../../avr/lib/avr5\libc.a(vfprintf_std.o)
                0x000045c8                vfprintf
 .text.avr-libc
                0x00004982       0x16 d:/iti tools/01/01- imt sdk/imt_sdk_win_64/winavr/bin/../lib/gcc/avr/4.3.3/../../../../avr/lib/avr5\libc.a(strnlen_P.o)
                0x00004982                strnlen_P
 .text.avr-libc
                0x00004998       0x16 d:/iti tools/01/01- imt sdk/imt_sdk_win_64/winavr/bin/../lib/gcc/avr/4.3.3/../../../../avr/lib/avr5\libc.a(strnlen.o)
                0x00004998                strnlen
 .text.avr-libc
                0x000049ae       0x58 d:/iti tools/01/01- imt sdk/imt_sdk_win_64/winavr/bin/../lib/gcc/avr/4.3.3/../../../../avr/lib/avr5\libc.a(fputc.o)
                0x000049ae                fputc
 .text.avr-libc
                0x00004a06       0xbc d:/iti tools/01/01- imt sdk/imt_sdk_win_64/winavr/bin/../lib/gcc/avr/4.3.3/../../../../avr/lib/avr5\libc.a(ultoa_invert.o)
                0x00004a06                __ultoa_invert
                0x00004ac2                . = ALIGN (0x2)
 *(.fini9)
 .fini9         0x00004ac2        0x0 d:/iti tools/01/01- imt sdk/imt_sdk_win_64/winavr/bin/../lib/gcc/avr/4.3.3/avr5\libgcc.a(_exit.o)
                0x00004ac2                exit
                0x00004ac2                _exit
 *(.fini9)
 *(.fini8)
 *(.fini8)
 *(.fini7)
 *(.fini7)
 *(.fini6)
 *(.fini6)
 *(.fini5)
 *(.fini5)
 *(.fini4)
 *(.fini4)
 *(.fini3)
 *(.fini3)
 *(.fini2)
 *(.fini2)
 *(.fini1)
 *(.fini1)
 *(.fini0)
 .fini0         0x00004ac2        0x4 d:/iti tools/01/01- imt sdk/imt_sdk_win_64/winavr/bin/../lib/gcc/avr/4.3.3/avr5\libgcc.a(_exit.o)
 *(.fini0)
                0x00004ac6                _etext = .

.data           0x00800060       0x58 load address 0x00004ac6
                0x00800060                PROVIDE (__data_start, .)
 *(.data)
 .data          0x00800060        0x0 d:/iti tools/01/01- imt sdk/imt_sdk_win_64/winavr/bin/../lib/gcc/avr/4.3.3/../../../../avr/lib/avr5/crtm32.o
 .data          0x00800060        0x0 ./MCAL/Timers/Timer1/TIMER1.o
 .data          0x00800060        0x0 ./MCAL/SPI/SPI.o
 .data          0x00800060        0x0 ./MCAL/Interrupt/INT.o
 .data          0x00800060        0x0 ./MCAL/I2C/I2C.o
 .data          0x00800060        0x0 ./MCAL/DIO/DIO.o
 .data          0x00800060        0x0 ./MCAL/ADC/ADC.o
 .data          0x00800060        0x0 ./HAL/Ultra_Sonic/Ultra_Sonic.o
 .data          0x00800060        0x3 ./HAL/LCD/LCD.o
 .data          0x00800063        0x0 ./HAL/KEYPAD/KEYPAD.o
 .data          0x00800063        0x0 ./HAL/EEPROM/EEPROM.o
 .data          0x00800063        0x0 ./HAL/DC_Motor/DC_Motor.o
 .data          0x00800063       0x39 ./Slave_Main.o
 .data          0x0080009c        0x0 d:/iti tools/01/01- imt sdk/imt_sdk_win_64/winavr/bin/../lib/gcc/avr/4.3.3/avr5\libgcc.a(_mulsi3.o)
 .data          0x0080009c        0x0 d:/iti tools/01/01- imt sdk/imt_sdk_win_64/winavr/bin/../lib/gcc/avr/4.3.3/avr5\libgcc.a(_udivmodsi4.o)
 .data          0x0080009c        0x0 d:/iti tools/01/01- imt sdk/imt_sdk_win_64/winavr/bin/../lib/gcc/avr/4.3.3/avr5\libgcc.a(_exit.o)
 .data          0x0080009c        0x0 d:/iti tools/01/01- imt sdk/imt_sdk_win_64/winavr/bin/../lib/gcc/avr/4.3.3/avr5\libgcc.a(_copy_data.o)
 .data          0x0080009c        0x0 d:/iti tools/01/01- imt sdk/imt_sdk_win_64/winavr/bin/../lib/gcc/avr/4.3.3/avr5\libgcc.a(_clear_bss.o)
 .data          0x0080009c        0x0 d:/iti tools/01/01- imt sdk/imt_sdk_win_64/winavr/bin/../lib/gcc/avr/4.3.3/avr5\libgcc.a(_fixunssfsi.o)
 .data          0x0080009c        0x0 d:/iti tools/01/01- imt sdk/imt_sdk_win_64/winavr/bin/../lib/gcc/avr/4.3.3/avr5\libgcc.a(_addsub_sf.o)
 .data          0x0080009c        0x0 d:/iti tools/01/01- imt sdk/imt_sdk_win_64/winavr/bin/../lib/gcc/avr/4.3.3/avr5\libgcc.a(_mul_sf.o)
 .data          0x0080009c        0x0 d:/iti tools/01/01- imt sdk/imt_sdk_win_64/winavr/bin/../lib/gcc/avr/4.3.3/avr5\libgcc.a(_div_sf.o)
 .data          0x0080009c        0x0 d:/iti tools/01/01- imt sdk/imt_sdk_win_64/winavr/bin/../lib/gcc/avr/4.3.3/avr5\libgcc.a(_gt_sf.o)
 .data          0x0080009c        0x0 d:/iti tools/01/01- imt sdk/imt_sdk_win_64/winavr/bin/../lib/gcc/avr/4.3.3/avr5\libgcc.a(_ge_sf.o)
 .data          0x0080009c        0x0 d:/iti tools/01/01- imt sdk/imt_sdk_win_64/winavr/bin/../lib/gcc/avr/4.3.3/avr5\libgcc.a(_lt_sf.o)
 .data          0x0080009c        0x0 d:/iti tools/01/01- imt sdk/imt_sdk_win_64/winavr/bin/../lib/gcc/avr/4.3.3/avr5\libgcc.a(_sf_to_si.o)
 .data          0x0080009c        0x8 d:/iti tools/01/01- imt sdk/imt_sdk_win_64/winavr/bin/../lib/gcc/avr/4.3.3/avr5\libgcc.a(_thenan_sf.o)
                0x0080009c                __thenan_sf
 .data          0x008000a4        0x0 d:/iti tools/01/01- imt sdk/imt_sdk_win_64/winavr/bin/../lib/gcc/avr/4.3.3/avr5\libgcc.a(_prologue.o)
 .data          0x008000a4        0x0 d:/iti tools/01/01- imt sdk/imt_sdk_win_64/winavr/bin/../lib/gcc/avr/4.3.3/avr5\libgcc.a(_epilogue.o)
 .data          0x008000a4        0x0 d:/iti tools/01/01- imt sdk/imt_sdk_win_64/winavr/bin/../lib/gcc/avr/4.3.3/avr5\libgcc.a(_pack_sf.o)
 .data          0x008000a4        0x0 d:/iti tools/01/01- imt sdk/imt_sdk_win_64/winavr/bin/../lib/gcc/avr/4.3.3/avr5\libgcc.a(_unpack_sf.o)
 .data          0x008000a4        0x0 d:/iti tools/01/01- imt sdk/imt_sdk_win_64/winavr/bin/../lib/gcc/avr/4.3.3/avr5\libgcc.a(_fpcmp_parts_sf.o)
 .data          0x008000a4        0x0 d:/iti tools/01/01- imt sdk/imt_sdk_win_64/winavr/bin/../lib/gcc/avr/4.3.3/../../../../avr/lib/avr5\libc.a(sprintf.o)
 .data          0x008000a4        0x0 d:/iti tools/01/01- imt sdk/imt_sdk_win_64/winavr/bin/../lib/gcc/avr/4.3.3/../../../../avr/lib/avr5\libc.a(vfprintf_std.o)
 .data          0x008000a4        0x0 d:/iti tools/01/01- imt sdk/imt_sdk_win_64/winavr/bin/../lib/gcc/avr/4.3.3/../../../../avr/lib/avr5\libc.a(strnlen_P.o)
 .data          0x008000a4        0x0 d:/iti tools/01/01- imt sdk/imt_sdk_win_64/winavr/bin/../lib/gcc/avr/4.3.3/../../../../avr/lib/avr5\libc.a(strnlen.o)
 .data          0x008000a4        0x0 d:/iti tools/01/01- imt sdk/imt_sdk_win_64/winavr/bin/../lib/gcc/avr/4.3.3/../../../../avr/lib/avr5\libc.a(fputc.o)
 .data          0x008000a4        0x0 d:/iti tools/01/01- imt sdk/imt_sdk_win_64/winavr/bin/../lib/gcc/avr/4.3.3/../../../../avr/lib/avr5\libc.a(ultoa_invert.o)
 *(.data*)
 .data.KPD_Au8Keys
                0x008000a4        0xc ./HAL/KEYPAD/KEYPAD.o
 .data.KPD_Au8RowPins
                0x008000b0        0x4 ./HAL/KEYPAD/KEYPAD.o
 .data.KPD_Au8COULMNSPins
                0x008000b4        0x3 ./HAL/KEYPAD/KEYPAD.o
 *(.rodata)
 *(.rodata*)
 *(.gnu.linkonce.d*)
                0x008000b8                . = ALIGN (0x2)
 *fill*         0x008000b7        0x1 00
                0x008000b8                _edata = .
                0x008000b8                PROVIDE (__data_end, .)

.bss            0x008000b8       0x1c
                0x008000b8                PROVIDE (__bss_start, .)
 *(.bss)
 .bss           0x008000b8        0x0 d:/iti tools/01/01- imt sdk/imt_sdk_win_64/winavr/bin/../lib/gcc/avr/4.3.3/../../../../avr/lib/avr5/crtm32.o
 .bss           0x008000b8        0x0 ./MCAL/Timers/Timer1/TIMER1.o
 .bss           0x008000b8        0x0 ./MCAL/SPI/SPI.o
 .bss           0x008000b8        0x0 ./MCAL/Interrupt/INT.o
 .bss           0x008000b8        0x0 ./MCAL/I2C/I2C.o
 .bss           0x008000b8        0x0 ./MCAL/DIO/DIO.o
 .bss           0x008000b8        0x0 ./MCAL/ADC/ADC.o
 .bss           0x008000b8        0x0 ./HAL/Ultra_Sonic/Ultra_Sonic.o
 .bss           0x008000b8        0x0 ./HAL/LCD/LCD.o
 .bss           0x008000b8        0x0 ./HAL/KEYPAD/KEYPAD.o
 .bss           0x008000b8        0x0 ./HAL/EEPROM/EEPROM.o
 .bss           0x008000b8        0x0 ./HAL/DC_Motor/DC_Motor.o
 .bss           0x008000b8        0x0 ./Slave_Main.o
 .bss           0x008000b8        0x0 d:/iti tools/01/01- imt sdk/imt_sdk_win_64/winavr/bin/../lib/gcc/avr/4.3.3/avr5\libgcc.a(_mulsi3.o)
 .bss           0x008000b8        0x0 d:/iti tools/01/01- imt sdk/imt_sdk_win_64/winavr/bin/../lib/gcc/avr/4.3.3/avr5\libgcc.a(_udivmodsi4.o)
 .bss           0x008000b8        0x0 d:/iti tools/01/01- imt sdk/imt_sdk_win_64/winavr/bin/../lib/gcc/avr/4.3.3/avr5\libgcc.a(_exit.o)
 .bss           0x008000b8        0x0 d:/iti tools/01/01- imt sdk/imt_sdk_win_64/winavr/bin/../lib/gcc/avr/4.3.3/avr5\libgcc.a(_copy_data.o)
 .bss           0x008000b8        0x0 d:/iti tools/01/01- imt sdk/imt_sdk_win_64/winavr/bin/../lib/gcc/avr/4.3.3/avr5\libgcc.a(_clear_bss.o)
 .bss           0x008000b8        0x0 d:/iti tools/01/01- imt sdk/imt_sdk_win_64/winavr/bin/../lib/gcc/avr/4.3.3/avr5\libgcc.a(_fixunssfsi.o)
 .bss           0x008000b8        0x0 d:/iti tools/01/01- imt sdk/imt_sdk_win_64/winavr/bin/../lib/gcc/avr/4.3.3/avr5\libgcc.a(_addsub_sf.o)
 .bss           0x008000b8        0x0 d:/iti tools/01/01- imt sdk/imt_sdk_win_64/winavr/bin/../lib/gcc/avr/4.3.3/avr5\libgcc.a(_mul_sf.o)
 .bss           0x008000b8        0x0 d:/iti tools/01/01- imt sdk/imt_sdk_win_64/winavr/bin/../lib/gcc/avr/4.3.3/avr5\libgcc.a(_div_sf.o)
 .bss           0x008000b8        0x0 d:/iti tools/01/01- imt sdk/imt_sdk_win_64/winavr/bin/../lib/gcc/avr/4.3.3/avr5\libgcc.a(_gt_sf.o)
 .bss           0x008000b8        0x0 d:/iti tools/01/01- imt sdk/imt_sdk_win_64/winavr/bin/../lib/gcc/avr/4.3.3/avr5\libgcc.a(_ge_sf.o)
 .bss           0x008000b8        0x0 d:/iti tools/01/01- imt sdk/imt_sdk_win_64/winavr/bin/../lib/gcc/avr/4.3.3/avr5\libgcc.a(_lt_sf.o)
 .bss           0x008000b8        0x0 d:/iti tools/01/01- imt sdk/imt_sdk_win_64/winavr/bin/../lib/gcc/avr/4.3.3/avr5\libgcc.a(_sf_to_si.o)
 .bss           0x008000b8        0x0 d:/iti tools/01/01- imt sdk/imt_sdk_win_64/winavr/bin/../lib/gcc/avr/4.3.3/avr5\libgcc.a(_thenan_sf.o)
 .bss           0x008000b8        0x0 d:/iti tools/01/01- imt sdk/imt_sdk_win_64/winavr/bin/../lib/gcc/avr/4.3.3/avr5\libgcc.a(_prologue.o)
 .bss           0x008000b8        0x0 d:/iti tools/01/01- imt sdk/imt_sdk_win_64/winavr/bin/../lib/gcc/avr/4.3.3/avr5\libgcc.a(_epilogue.o)
 .bss           0x008000b8        0x0 d:/iti tools/01/01- imt sdk/imt_sdk_win_64/winavr/bin/../lib/gcc/avr/4.3.3/avr5\libgcc.a(_pack_sf.o)
 .bss           0x008000b8        0x0 d:/iti tools/01/01- imt sdk/imt_sdk_win_64/winavr/bin/../lib/gcc/avr/4.3.3/avr5\libgcc.a(_unpack_sf.o)
 .bss           0x008000b8        0x0 d:/iti tools/01/01- imt sdk/imt_sdk_win_64/winavr/bin/../lib/gcc/avr/4.3.3/avr5\libgcc.a(_fpcmp_parts_sf.o)
 .bss           0x008000b8        0x0 d:/iti tools/01/01- imt sdk/imt_sdk_win_64/winavr/bin/../lib/gcc/avr/4.3.3/../../../../avr/lib/avr5\libc.a(sprintf.o)
 .bss           0x008000b8        0x0 d:/iti tools/01/01- imt sdk/imt_sdk_win_64/winavr/bin/../lib/gcc/avr/4.3.3/../../../../avr/lib/avr5\libc.a(vfprintf_std.o)
 .bss           0x008000b8        0x0 d:/iti tools/01/01- imt sdk/imt_sdk_win_64/winavr/bin/../lib/gcc/avr/4.3.3/../../../../avr/lib/avr5\libc.a(strnlen_P.o)
 .bss           0x008000b8        0x0 d:/iti tools/01/01- imt sdk/imt_sdk_win_64/winavr/bin/../lib/gcc/avr/4.3.3/../../../../avr/lib/avr5\libc.a(strnlen.o)
 .bss           0x008000b8        0x0 d:/iti tools/01/01- imt sdk/imt_sdk_win_64/winavr/bin/../lib/gcc/avr/4.3.3/../../../../avr/lib/avr5\libc.a(fputc.o)
 .bss           0x008000b8        0x0 d:/iti tools/01/01- imt sdk/imt_sdk_win_64/winavr/bin/../lib/gcc/avr/4.3.3/../../../../avr/lib/avr5\libc.a(ultoa_invert.o)
 *(.bss*)
 .bss.Timer_ptrFunc
                0x008000b8        0x8 ./MCAL/Timers/Timer1/TIMER1.o
 .bss.INT_PFCall
                0x008000c0        0x6 ./MCAL/Interrupt/INT.o
 .bss.high      0x008000c6        0x2 ./HAL/Ultra_Sonic/Ultra_Sonic.o
 .bss.b.1347    0x008000c8        0x2 ./HAL/Ultra_Sonic/Ultra_Sonic.o
 .bss.a.1346    0x008000ca        0x2 ./HAL/Ultra_Sonic/Ultra_Sonic.o
 .bss.f.1345    0x008000cc        0x1 ./HAL/Ultra_Sonic/Ultra_Sonic.o
 .bss.mode      0x008000cd        0x1 ./Slave_Main.o
                0x008000cd                mode
 .bss.mode_f    0x008000ce        0x1 ./Slave_Main.o
                0x008000ce                mode_f
 .bss.room      0x008000cf        0x1 ./Slave_Main.o
                0x008000cf                room
 .bss.garage_Flag
                0x008000d0        0x1 ./Slave_Main.o
                0x008000d0                garage_Flag
 .bss.switch_flag
                0x008000d1        0x1 ./Slave_Main.o
                0x008000d1                switch_flag
 .bss.distance  0x008000d2        0x2 ./Slave_Main.o
                0x008000d2                distance
 *(COMMON)
                0x008000d4                PROVIDE (__bss_end, .)
                0x00004ac6                __data_load_start = LOADADDR (.data)
                0x00004b1e                __data_load_end = (__data_load_start + SIZEOF (.data))

.noinit         0x008000d4        0x0
                0x008000d4                PROVIDE (__noinit_start, .)
 *(.noinit*)
                0x008000d4                PROVIDE (__noinit_end, .)
                0x008000d4                _end = .
                0x008000d4                PROVIDE (__heap_start, .)

.eeprom         0x00810000        0x0
 *(.eeprom*)
                0x00810000                __eeprom_end = .

.fuse
 *(.fuse)
 *(.lfuse)
 *(.hfuse)
 *(.efuse)

.lock
 *(.lock*)

.signature
 *(.signature*)

.stab           0x00000000     0x4bfc
 *(.stab)
 .stab          0x00000000      0xa2c ./MCAL/Timers/Timer1/TIMER1.o
 .stab          0x00000a2c      0x294 ./MCAL/SPI/SPI.o
                                0x450 (size before relaxing)
 .stab          0x00000cc0      0x45c ./MCAL/Interrupt/INT.o
                                0x618 (size before relaxing)
 .stab          0x0000111c      0x4b0 ./MCAL/I2C/I2C.o
                                0x66c (size before relaxing)
 .stab          0x000015cc      0x624 ./MCAL/DIO/DIO.o
                                0x7e0 (size before relaxing)
 .stab          0x00001bf0      0x2ac ./MCAL/ADC/ADC.o
                                0x468 (size before relaxing)
 .stab          0x00001e9c      0x5a0 ./HAL/Ultra_Sonic/Ultra_Sonic.o
                                0x75c (size before relaxing)
 .stab          0x0000243c     0x14dc ./HAL/LCD/LCD.o
                               0x1698 (size before relaxing)
 .stab          0x00003918      0x42c ./HAL/KEYPAD/KEYPAD.o
                                0x5e8 (size before relaxing)
 .stab          0x00003d44      0x39c ./HAL/EEPROM/EEPROM.o
                                0x558 (size before relaxing)
 .stab          0x000040e0      0x294 ./HAL/DC_Motor/DC_Motor.o
                                0x2a0 (size before relaxing)
 .stab          0x00004374      0x888 ./Slave_Main.o
                                0xad4 (size before relaxing)

.stabstr        0x00000000     0x1e9c
 *(.stabstr)
 .stabstr       0x00000000     0x1e9c ./MCAL/Timers/Timer1/TIMER1.o

.stab.excl
 *(.stab.excl)

.stab.exclstr
 *(.stab.exclstr)

.stab.index
 *(.stab.index)

.stab.indexstr
 *(.stab.indexstr)

.comment
 *(.comment)

.debug
 *(.debug)

.line
 *(.line)

.debug_srcinfo
 *(.debug_srcinfo)

.debug_sfnames
 *(.debug_sfnames)

.debug_aranges  0x00000000      0x160
 *(.debug_aranges)
 .debug_aranges
                0x00000000       0x20 d:/iti tools/01/01- imt sdk/imt_sdk_win_64/winavr/bin/../lib/gcc/avr/4.3.3/avr5\libgcc.a(_fixunssfsi.o)
 .debug_aranges
                0x00000020       0x20 d:/iti tools/01/01- imt sdk/imt_sdk_win_64/winavr/bin/../lib/gcc/avr/4.3.3/avr5\libgcc.a(_addsub_sf.o)
 .debug_aranges
                0x00000040       0x20 d:/iti tools/01/01- imt sdk/imt_sdk_win_64/winavr/bin/../lib/gcc/avr/4.3.3/avr5\libgcc.a(_mul_sf.o)
 .debug_aranges
                0x00000060       0x20 d:/iti tools/01/01- imt sdk/imt_sdk_win_64/winavr/bin/../lib/gcc/avr/4.3.3/avr5\libgcc.a(_div_sf.o)
 .debug_aranges
                0x00000080       0x20 d:/iti tools/01/01- imt sdk/imt_sdk_win_64/winavr/bin/../lib/gcc/avr/4.3.3/avr5\libgcc.a(_gt_sf.o)
 .debug_aranges
                0x000000a0       0x20 d:/iti tools/01/01- imt sdk/imt_sdk_win_64/winavr/bin/../lib/gcc/avr/4.3.3/avr5\libgcc.a(_ge_sf.o)
 .debug_aranges
                0x000000c0       0x20 d:/iti tools/01/01- imt sdk/imt_sdk_win_64/winavr/bin/../lib/gcc/avr/4.3.3/avr5\libgcc.a(_lt_sf.o)
 .debug_aranges
                0x000000e0       0x20 d:/iti tools/01/01- imt sdk/imt_sdk_win_64/winavr/bin/../lib/gcc/avr/4.3.3/avr5\libgcc.a(_sf_to_si.o)
 .debug_aranges
                0x00000100       0x20 d:/iti tools/01/01- imt sdk/imt_sdk_win_64/winavr/bin/../lib/gcc/avr/4.3.3/avr5\libgcc.a(_pack_sf.o)
 .debug_aranges
                0x00000120       0x20 d:/iti tools/01/01- imt sdk/imt_sdk_win_64/winavr/bin/../lib/gcc/avr/4.3.3/avr5\libgcc.a(_unpack_sf.o)
 .debug_aranges
                0x00000140       0x20 d:/iti tools/01/01- imt sdk/imt_sdk_win_64/winavr/bin/../lib/gcc/avr/4.3.3/avr5\libgcc.a(_fpcmp_parts_sf.o)

.debug_pubnames
                0x00000000      0x18f
 *(.debug_pubnames)
 .debug_pubnames
                0x00000000       0x23 d:/iti tools/01/01- imt sdk/imt_sdk_win_64/winavr/bin/../lib/gcc/avr/4.3.3/avr5\libgcc.a(_fixunssfsi.o)
 .debug_pubnames
                0x00000023       0x2c d:/iti tools/01/01- imt sdk/imt_sdk_win_64/winavr/bin/../lib/gcc/avr/4.3.3/avr5\libgcc.a(_addsub_sf.o)
 .debug_pubnames
                0x0000004f       0x1f d:/iti tools/01/01- imt sdk/imt_sdk_win_64/winavr/bin/../lib/gcc/avr/4.3.3/avr5\libgcc.a(_mul_sf.o)
 .debug_pubnames
                0x0000006e       0x1f d:/iti tools/01/01- imt sdk/imt_sdk_win_64/winavr/bin/../lib/gcc/avr/4.3.3/avr5\libgcc.a(_div_sf.o)
 .debug_pubnames
                0x0000008d       0x1e d:/iti tools/01/01- imt sdk/imt_sdk_win_64/winavr/bin/../lib/gcc/avr/4.3.3/avr5\libgcc.a(_gt_sf.o)
 .debug_pubnames
                0x000000ab       0x1e d:/iti tools/01/01- imt sdk/imt_sdk_win_64/winavr/bin/../lib/gcc/avr/4.3.3/avr5\libgcc.a(_ge_sf.o)
 .debug_pubnames
                0x000000c9       0x1e d:/iti tools/01/01- imt sdk/imt_sdk_win_64/winavr/bin/../lib/gcc/avr/4.3.3/avr5\libgcc.a(_lt_sf.o)
 .debug_pubnames
                0x000000e7       0x20 d:/iti tools/01/01- imt sdk/imt_sdk_win_64/winavr/bin/../lib/gcc/avr/4.3.3/avr5\libgcc.a(_sf_to_si.o)
 .debug_pubnames
                0x00000107       0x22 d:/iti tools/01/01- imt sdk/imt_sdk_win_64/winavr/bin/../lib/gcc/avr/4.3.3/avr5\libgcc.a(_thenan_sf.o)
 .debug_pubnames
                0x00000129       0x1f d:/iti tools/01/01- imt sdk/imt_sdk_win_64/winavr/bin/../lib/gcc/avr/4.3.3/avr5\libgcc.a(_pack_sf.o)
 .debug_pubnames
                0x00000148       0x21 d:/iti tools/01/01- imt sdk/imt_sdk_win_64/winavr/bin/../lib/gcc/avr/4.3.3/avr5\libgcc.a(_unpack_sf.o)
 .debug_pubnames
                0x00000169       0x26 d:/iti tools/01/01- imt sdk/imt_sdk_win_64/winavr/bin/../lib/gcc/avr/4.3.3/avr5\libgcc.a(_fpcmp_parts_sf.o)

.debug_info     0x00000000     0x2045
 *(.debug_info)
 .debug_info    0x00000000       0xb1 d:/iti tools/01/01- imt sdk/imt_sdk_win_64/winavr/bin/../lib/gcc/avr/4.3.3/avr5\libgcc.a(_fixunssfsi.o)
 .debug_info    0x000000b1      0x47a d:/iti tools/01/01- imt sdk/imt_sdk_win_64/winavr/bin/../lib/gcc/avr/4.3.3/avr5\libgcc.a(_addsub_sf.o)
 .debug_info    0x0000052b      0x485 d:/iti tools/01/01- imt sdk/imt_sdk_win_64/winavr/bin/../lib/gcc/avr/4.3.3/avr5\libgcc.a(_mul_sf.o)
 .debug_info    0x000009b0      0x3fc d:/iti tools/01/01- imt sdk/imt_sdk_win_64/winavr/bin/../lib/gcc/avr/4.3.3/avr5\libgcc.a(_div_sf.o)
 .debug_info    0x00000dac      0x27f d:/iti tools/01/01- imt sdk/imt_sdk_win_64/winavr/bin/../lib/gcc/avr/4.3.3/avr5\libgcc.a(_gt_sf.o)
 .debug_info    0x0000102b      0x27f d:/iti tools/01/01- imt sdk/imt_sdk_win_64/winavr/bin/../lib/gcc/avr/4.3.3/avr5\libgcc.a(_ge_sf.o)
 .debug_info    0x000012aa      0x27f d:/iti tools/01/01- imt sdk/imt_sdk_win_64/winavr/bin/../lib/gcc/avr/4.3.3/avr5\libgcc.a(_lt_sf.o)
 .debug_info    0x00001529      0x2b0 d:/iti tools/01/01- imt sdk/imt_sdk_win_64/winavr/bin/../lib/gcc/avr/4.3.3/avr5\libgcc.a(_sf_to_si.o)
 .debug_info    0x000017d9      0x12c d:/iti tools/01/01- imt sdk/imt_sdk_win_64/winavr/bin/../lib/gcc/avr/4.3.3/avr5\libgcc.a(_thenan_sf.o)
 .debug_info    0x00001905      0x2df d:/iti tools/01/01- imt sdk/imt_sdk_win_64/winavr/bin/../lib/gcc/avr/4.3.3/avr5\libgcc.a(_pack_sf.o)
 .debug_info    0x00001be4      0x251 d:/iti tools/01/01- imt sdk/imt_sdk_win_64/winavr/bin/../lib/gcc/avr/4.3.3/avr5\libgcc.a(_unpack_sf.o)
 .debug_info    0x00001e35      0x210 d:/iti tools/01/01- imt sdk/imt_sdk_win_64/winavr/bin/../lib/gcc/avr/4.3.3/avr5\libgcc.a(_fpcmp_parts_sf.o)
 *(.gnu.linkonce.wi.*)

.debug_abbrev   0x00000000     0x1101
 *(.debug_abbrev)
 .debug_abbrev  0x00000000       0x5d d:/iti tools/01/01- imt sdk/imt_sdk_win_64/winavr/bin/../lib/gcc/avr/4.3.3/avr5\libgcc.a(_fixunssfsi.o)
 .debug_abbrev  0x0000005d      0x1ea d:/iti tools/01/01- imt sdk/imt_sdk_win_64/winavr/bin/../lib/gcc/avr/4.3.3/avr5\libgcc.a(_addsub_sf.o)
 .debug_abbrev  0x00000247      0x21b d:/iti tools/01/01- imt sdk/imt_sdk_win_64/winavr/bin/../lib/gcc/avr/4.3.3/avr5\libgcc.a(_mul_sf.o)
 .debug_abbrev  0x00000462      0x216 d:/iti tools/01/01- imt sdk/imt_sdk_win_64/winavr/bin/../lib/gcc/avr/4.3.3/avr5\libgcc.a(_div_sf.o)
 .debug_abbrev  0x00000678      0x15a d:/iti tools/01/01- imt sdk/imt_sdk_win_64/winavr/bin/../lib/gcc/avr/4.3.3/avr5\libgcc.a(_gt_sf.o)
 .debug_abbrev  0x000007d2      0x15a d:/iti tools/01/01- imt sdk/imt_sdk_win_64/winavr/bin/../lib/gcc/avr/4.3.3/avr5\libgcc.a(_ge_sf.o)
 .debug_abbrev  0x0000092c      0x15a d:/iti tools/01/01- imt sdk/imt_sdk_win_64/winavr/bin/../lib/gcc/avr/4.3.3/avr5\libgcc.a(_lt_sf.o)
 .debug_abbrev  0x00000a86      0x17f d:/iti tools/01/01- imt sdk/imt_sdk_win_64/winavr/bin/../lib/gcc/avr/4.3.3/avr5\libgcc.a(_sf_to_si.o)
 .debug_abbrev  0x00000c05       0xad d:/iti tools/01/01- imt sdk/imt_sdk_win_64/winavr/bin/../lib/gcc/avr/4.3.3/avr5\libgcc.a(_thenan_sf.o)
 .debug_abbrev  0x00000cb2      0x1c0 d:/iti tools/01/01- imt sdk/imt_sdk_win_64/winavr/bin/../lib/gcc/avr/4.3.3/avr5\libgcc.a(_pack_sf.o)
 .debug_abbrev  0x00000e72      0x154 d:/iti tools/01/01- imt sdk/imt_sdk_win_64/winavr/bin/../lib/gcc/avr/4.3.3/avr5\libgcc.a(_unpack_sf.o)
 .debug_abbrev  0x00000fc6      0x13b d:/iti tools/01/01- imt sdk/imt_sdk_win_64/winavr/bin/../lib/gcc/avr/4.3.3/avr5\libgcc.a(_fpcmp_parts_sf.o)

.debug_line     0x00000000      0xf82
 *(.debug_line)
 .debug_line    0x00000000       0xa7 d:/iti tools/01/01- imt sdk/imt_sdk_win_64/winavr/bin/../lib/gcc/avr/4.3.3/avr5\libgcc.a(_fixunssfsi.o)
 .debug_line    0x000000a7      0x2af d:/iti tools/01/01- imt sdk/imt_sdk_win_64/winavr/bin/../lib/gcc/avr/4.3.3/avr5\libgcc.a(_addsub_sf.o)
 .debug_line    0x00000356      0x239 d:/iti tools/01/01- imt sdk/imt_sdk_win_64/winavr/bin/../lib/gcc/avr/4.3.3/avr5\libgcc.a(_mul_sf.o)
 .debug_line    0x0000058f      0x1d5 d:/iti tools/01/01- imt sdk/imt_sdk_win_64/winavr/bin/../lib/gcc/avr/4.3.3/avr5\libgcc.a(_div_sf.o)
 .debug_line    0x00000764       0xd3 d:/iti tools/01/01- imt sdk/imt_sdk_win_64/winavr/bin/../lib/gcc/avr/4.3.3/avr5\libgcc.a(_gt_sf.o)
 .debug_line    0x00000837       0xd3 d:/iti tools/01/01- imt sdk/imt_sdk_win_64/winavr/bin/../lib/gcc/avr/4.3.3/avr5\libgcc.a(_ge_sf.o)
 .debug_line    0x0000090a       0xd3 d:/iti tools/01/01- imt sdk/imt_sdk_win_64/winavr/bin/../lib/gcc/avr/4.3.3/avr5\libgcc.a(_lt_sf.o)
 .debug_line    0x000009dd      0x109 d:/iti tools/01/01- imt sdk/imt_sdk_win_64/winavr/bin/../lib/gcc/avr/4.3.3/avr5\libgcc.a(_sf_to_si.o)
 .debug_line    0x00000ae6       0x90 d:/iti tools/01/01- imt sdk/imt_sdk_win_64/winavr/bin/../lib/gcc/avr/4.3.3/avr5\libgcc.a(_thenan_sf.o)
 .debug_line    0x00000b76      0x18a d:/iti tools/01/01- imt sdk/imt_sdk_win_64/winavr/bin/../lib/gcc/avr/4.3.3/avr5\libgcc.a(_pack_sf.o)
 .debug_line    0x00000d00      0x14b d:/iti tools/01/01- imt sdk/imt_sdk_win_64/winavr/bin/../lib/gcc/avr/4.3.3/avr5\libgcc.a(_unpack_sf.o)
 .debug_line    0x00000e4b      0x137 d:/iti tools/01/01- imt sdk/imt_sdk_win_64/winavr/bin/../lib/gcc/avr/4.3.3/avr5\libgcc.a(_fpcmp_parts_sf.o)

.debug_frame    0x00000000      0x180
 *(.debug_frame)
 .debug_frame   0x00000000       0x20 d:/iti tools/01/01- imt sdk/imt_sdk_win_64/winavr/bin/../lib/gcc/avr/4.3.3/avr5\libgcc.a(_fixunssfsi.o)
 .debug_frame   0x00000020       0x40 d:/iti tools/01/01- imt sdk/imt_sdk_win_64/winavr/bin/../lib/gcc/avr/4.3.3/avr5\libgcc.a(_addsub_sf.o)
 .debug_frame   0x00000060       0x20 d:/iti tools/01/01- imt sdk/imt_sdk_win_64/winavr/bin/../lib/gcc/avr/4.3.3/avr5\libgcc.a(_mul_sf.o)
 .debug_frame   0x00000080       0x20 d:/iti tools/01/01- imt sdk/imt_sdk_win_64/winavr/bin/../lib/gcc/avr/4.3.3/avr5\libgcc.a(_div_sf.o)
 .debug_frame   0x000000a0       0x20 d:/iti tools/01/01- imt sdk/imt_sdk_win_64/winavr/bin/../lib/gcc/avr/4.3.3/avr5\libgcc.a(_gt_sf.o)
 .debug_frame   0x000000c0       0x20 d:/iti tools/01/01- imt sdk/imt_sdk_win_64/winavr/bin/../lib/gcc/avr/4.3.3/avr5\libgcc.a(_ge_sf.o)
 .debug_frame   0x000000e0       0x20 d:/iti tools/01/01- imt sdk/imt_sdk_win_64/winavr/bin/../lib/gcc/avr/4.3.3/avr5\libgcc.a(_lt_sf.o)
 .debug_frame   0x00000100       0x20 d:/iti tools/01/01- imt sdk/imt_sdk_win_64/winavr/bin/../lib/gcc/avr/4.3.3/avr5\libgcc.a(_sf_to_si.o)
 .debug_frame   0x00000120       0x20 d:/iti tools/01/01- imt sdk/imt_sdk_win_64/winavr/bin/../lib/gcc/avr/4.3.3/avr5\libgcc.a(_pack_sf.o)
 .debug_frame   0x00000140       0x20 d:/iti tools/01/01- imt sdk/imt_sdk_win_64/winavr/bin/../lib/gcc/avr/4.3.3/avr5\libgcc.a(_unpack_sf.o)
 .debug_frame   0x00000160       0x20 d:/iti tools/01/01- imt sdk/imt_sdk_win_64/winavr/bin/../lib/gcc/avr/4.3.3/avr5\libgcc.a(_fpcmp_parts_sf.o)

.debug_str      0x00000000      0x2c2
 *(.debug_str)
 .debug_str     0x00000000       0xbf d:/iti tools/01/01- imt sdk/imt_sdk_win_64/winavr/bin/../lib/gcc/avr/4.3.3/avr5\libgcc.a(_fixunssfsi.o)
                                 0xfe (size before relaxing)
 .debug_str     0x000000bf      0x14d d:/iti tools/01/01- imt sdk/imt_sdk_win_64/winavr/bin/../lib/gcc/avr/4.3.3/avr5\libgcc.a(_addsub_sf.o)
                                0x206 (size before relaxing)
 .debug_str     0x0000020c       0x27 d:/iti tools/01/01- imt sdk/imt_sdk_win_64/winavr/bin/../lib/gcc/avr/4.3.3/avr5\libgcc.a(_mul_sf.o)
                                0x1bf (size before relaxing)
 .debug_str     0x00000233       0x35 d:/iti tools/01/01- imt sdk/imt_sdk_win_64/winavr/bin/../lib/gcc/avr/4.3.3/avr5\libgcc.a(_div_sf.o)
                                0x1c8 (size before relaxing)
 .debug_str     0x00000268        0xf d:/iti tools/01/01- imt sdk/imt_sdk_win_64/winavr/bin/../lib/gcc/avr/4.3.3/avr5\libgcc.a(_gt_sf.o)
                                0x195 (size before relaxing)
 .debug_str     0x00000277        0x8 d:/iti tools/01/01- imt sdk/imt_sdk_win_64/winavr/bin/../lib/gcc/avr/4.3.3/avr5\libgcc.a(_ge_sf.o)
                                0x195 (size before relaxing)
 .debug_str     0x0000027f        0x8 d:/iti tools/01/01- imt sdk/imt_sdk_win_64/winavr/bin/../lib/gcc/avr/4.3.3/avr5\libgcc.a(_lt_sf.o)
                                0x195 (size before relaxing)
 .debug_str     0x00000287        0xa d:/iti tools/01/01- imt sdk/imt_sdk_win_64/winavr/bin/../lib/gcc/avr/4.3.3/avr5\libgcc.a(_sf_to_si.o)
                                0x19e (size before relaxing)
 .debug_str     0x00000000      0x103 d:/iti tools/01/01- imt sdk/imt_sdk_win_64/winavr/bin/../lib/gcc/avr/4.3.3/avr5\libgcc.a(_thenan_sf.o)
 .debug_str     0x00000291       0x16 d:/iti tools/01/01- imt sdk/imt_sdk_win_64/winavr/bin/../lib/gcc/avr/4.3.3/avr5\libgcc.a(_pack_sf.o)
                                0x19d (size before relaxing)
 .debug_str     0x000002a7        0xb d:/iti tools/01/01- imt sdk/imt_sdk_win_64/winavr/bin/../lib/gcc/avr/4.3.3/avr5\libgcc.a(_unpack_sf.o)
                                0x17f (size before relaxing)
 .debug_str     0x000002b2       0x10 d:/iti tools/01/01- imt sdk/imt_sdk_win_64/winavr/bin/../lib/gcc/avr/4.3.3/avr5\libgcc.a(_fpcmp_parts_sf.o)
                                0x163 (size before relaxing)

.debug_loc      0x00000000      0x88e
 *(.debug_loc)
 .debug_loc     0x00000000       0x34 d:/iti tools/01/01- imt sdk/imt_sdk_win_64/winavr/bin/../lib/gcc/avr/4.3.3/avr5\libgcc.a(_fixunssfsi.o)
 .debug_loc     0x00000034      0x32a d:/iti tools/01/01- imt sdk/imt_sdk_win_64/winavr/bin/../lib/gcc/avr/4.3.3/avr5\libgcc.a(_addsub_sf.o)
 .debug_loc     0x0000035e      0x104 d:/iti tools/01/01- imt sdk/imt_sdk_win_64/winavr/bin/../lib/gcc/avr/4.3.3/avr5\libgcc.a(_mul_sf.o)
 .debug_loc     0x00000462       0xc0 d:/iti tools/01/01- imt sdk/imt_sdk_win_64/winavr/bin/../lib/gcc/avr/4.3.3/avr5\libgcc.a(_div_sf.o)
 .debug_loc     0x00000522       0x3c d:/iti tools/01/01- imt sdk/imt_sdk_win_64/winavr/bin/../lib/gcc/avr/4.3.3/avr5\libgcc.a(_gt_sf.o)
 .debug_loc     0x0000055e       0x3c d:/iti tools/01/01- imt sdk/imt_sdk_win_64/winavr/bin/../lib/gcc/avr/4.3.3/avr5\libgcc.a(_ge_sf.o)
 .debug_loc     0x0000059a       0x3c d:/iti tools/01/01- imt sdk/imt_sdk_win_64/winavr/bin/../lib/gcc/avr/4.3.3/avr5\libgcc.a(_lt_sf.o)
 .debug_loc     0x000005d6       0x7e d:/iti tools/01/01- imt sdk/imt_sdk_win_64/winavr/bin/../lib/gcc/avr/4.3.3/avr5\libgcc.a(_sf_to_si.o)
 .debug_loc     0x00000654      0x13e d:/iti tools/01/01- imt sdk/imt_sdk_win_64/winavr/bin/../lib/gcc/avr/4.3.3/avr5\libgcc.a(_pack_sf.o)
 .debug_loc     0x00000792       0xac d:/iti tools/01/01- imt sdk/imt_sdk_win_64/winavr/bin/../lib/gcc/avr/4.3.3/avr5\libgcc.a(_unpack_sf.o)
 .debug_loc     0x0000083e       0x50 d:/iti tools/01/01- imt sdk/imt_sdk_win_64/winavr/bin/../lib/gcc/avr/4.3.3/avr5\libgcc.a(_fpcmp_parts_sf.o)

.debug_macinfo
 *(.debug_macinfo)
OUTPUT(Smart_Home_sla.elf elf32-avr)
LOAD linker stubs

.debug_ranges   0x00000000       0x50
 .debug_ranges  0x00000000       0x50 d:/iti tools/01/01- imt sdk/imt_sdk_win_64/winavr/bin/../lib/gcc/avr/4.3.3/avr5\libgcc.a(_mul_sf.o)
